Archive member included because of file (symbol)

libRenesasRX62N.a(memcmp.o)   ./src/sw/FreeRTOS/tasks.o (memcmp)
libRenesasRX62N.a(memcpy.o)   ./src/sw/FreeTCPIP/psock.o (memcpy)
libRenesasRX62N.a(memset.o)   ./src/sw/FreeTCPIP/uip_arp.o (memset)
libRenesasRX62N.a(sprintf.o)  ./src/sw/webserver/httpd-cgi.o (sprintf)
libRenesasRX62N.a(strchr.o)   ./src/sw/webserver/httpd-cgi.o (strchr)
libRenesasRX62N.a(strcpy.o)   ./src/sw/FreeTCPIP/apps/httpd/httpd.o (strcpy)
libRenesasRX62N.a(strlen.o)   ./src/sw/webserver/httpd-cgi.o (strlen)
libRenesasRX62N.a(strncmp.o)  ./src/sw/webserver/httpd-cgi.o (strncmp)
libRenesasRX62N.a(strncpy.o)  ./src/sw/FreeTCPIP/apps/httpd/httpd.o (strncpy)
libRenesasRX62N.a(strrchr.o)  ./src/sw/FreeTCPIP/apps/httpd/httpd.o (strrchr)
libRenesasRX62N.a(strstr.o)   ./src/sw/task/uIP_Task.o (strstr)
libRenesasRX62N.a(frmwri.o)   libRenesasRX62N.a(sprintf.o) (_formatted_write)

Allocating common symbols
Common symbol       size              file

xMediumPriorityTask
                    0x4               ./src/sw/task/QPeek.o
auxData             0x8               ./src/mainl.o
uip_conn            0x4               ./src/sw/FreeTCPIP/uip.o
pcStatus            0x4               ./src/sw/webserver/httpd-cgi.o
uip_len             0x2               ./src/sw/FreeTCPIP/uip.o
uip_draddr          0x4               ./src/sw/FreeTCPIP/uip.o
fw_glcd_display     0x300             ./src/fw/GLCD/fw_glcd.o
uip_slen            0x2               ./src/sw/FreeTCPIP/uip.o
xHighestPriorityTask
                    0x4               ./src/sw/task/QPeek.o
uip_stat            0x38              ./src/sw/FreeTCPIP/uip.o
uip_listenports     0x50              ./src/sw/FreeTCPIP/uip.o
uip_flags           0x1               ./src/sw/FreeTCPIP/uip.o
uip_sappdata        0x4               ./src/sw/FreeTCPIP/uip.o
uip_conns           0x1fe0            ./src/sw/FreeTCPIP/uip.o
uip_appdata         0x4               ./src/sw/FreeTCPIP/uip.o
uip_hostaddr        0x4               ./src/sw/FreeTCPIP/uip.o
uip_netmask         0x4               ./src/sw/FreeTCPIP/uip.o
xHighPriorityTask   0x4               ./src/sw/task/QPeek.o
ulString            0x4               ./src/sw/webserver/httpd-cgi.o
uip_acc32           0x4               ./src/sw/FreeTCPIP/uip.o

Memory Configuration

Name             Origin             Length             Attributes
*default*        0x00000000         0xffffffff

Linker script and memory map


.fvectors       0xffffff80       0x80
 *(.fvectors)
 .fvectors      0xffffff80       0x80 ./src/fw/vects.o
                0xffffff80                HardwareVectors

.text           0xfff80000     0xe968
 *(.text)
 .text          0xfff80000       0x4f ./src/fw/start.o
                0xfff80000                start
 *(.text.*)
 *(P)
 *fill*         0xfff8004f        0x1 00
 P              0xfff80050      0x6ca ./src/sw/webserver/EMAC.o
                0xfff80050                vInitEmac
                0xfff8008c                vEMACWrite
                0xfff8018d                ulEMACRead
                0xfff80233                lEMACWaitForLink
                0xfff80690                vEMAC_ISR_Handler
 P              0xfff8071a      0x66e ./src/sw/webserver/httpd-cgi.o
                0xfff80741                httpd_cgi
 P              0xfff80d88      0x4c0 ./src/sw/webserver/phy.o
                0xfff80d88                phy_init
                0xfff80ddf                phy_set_100full
                0xfff80df0                phy_set_10half
                0xfff80dff                phy_set_autonegotiate
                0xfff80ed7                _phy_read
                0xfff80f09                _phy_write
                0xfff80f31                _phy_preamble
                0xfff80f57                _phy_reg_set
                0xfff80fcf                _phy_reg_read
                0xfff81092                _phy_reg_write
                0xfff810cf                _phy_ta_z0
                0xfff81147                _phy_ta_10
                0xfff81156                _phy_mii_write_1
                0xfff811cf                _phy_mii_write_0
 P              0xfff81248      0x334 ./src/sw/task/BlockQ.o
                0xfff81248                vStartBlockingQueueTasks
                0xfff814de                xAreBlockingQueuesStillRunning
 P              0xfff8157c      0x620 ./src/sw/task/GenQTest.o
                0xfff8157c                vStartGenericQueueTasks
                0xfff81b2b                xAreGenericQueueTasksStillRunning
 P              0xfff81b9c      0x1aa ./src/sw/task/PollQ.o
                0xfff81b9c                vStartPolledQueueTasks
                0xfff81cff                xArePollingQueuesStillRunning
 P              0xfff81d46      0x440 ./src/sw/task/QPeek.o
                0xfff81d46                vStartQueuePeekTasks
                0xfff82141                xAreQueuePeekTasksStillRunning
 P              0xfff82186      0x592 ./src/sw/task/blocktim.o
                0xfff82186                vCreateBlockTimeTasks
                0xfff826ab                xAreBlockTimeTestTasksStillRunning
 P              0xfff82718       0xaa ./src/sw/task/flash.o
                0xfff82718                vStartLEDFlashTasks
 P              0xfff827c2      0x4ea ./src/sw/task/flop.o
                0xfff827c2                vStartMathTasks
                0xfff82c4d                xAreMathsTaskStillRunning
 P              0xfff82cac       0xfc ./src/sw/task/integer.o
                0xfff82cac                vStartIntegerMathTasks
                0xfff82d62                xAreIntegerMathsTaskStillRunning
 P              0xfff82da8      0x38a ./src/sw/task/recmutex.o
                0xfff82da8                vStartRecursiveMutexTasks
                0xfff83081                xAreRecursiveMutexTasksStillRunning
 P              0xfff83132      0x2dc ./src/sw/task/semtest.o
                0xfff83132                vStartSemaphoreTasks
                0xfff833ad                xAreSemaphoreTasksStillRunning
 P              0xfff8340e      0x30c ./src/sw/task/sw_task_glcd.o
                0xfff8340e                sw_task_glcd
                0xfff8347a                sw_mont_glcd_screen_0
                0xfff836fd                sw_mont_glcd_screen_1
 P              0xfff8371a      0x3f6 ./src/sw/task/uIP_Task.o
                0xfff8371a                clock_time
                0xfff8372d                vuIP_Task
                0xfff83a79                vApplicationProcessFormInput
 P              0xfff83b10      0x262 ./src/sw/MemMang/heap_2.o
                0xfff83b10                pvPortMalloc
                0xfff83c7a                vPortFree
                0xfff83d01                xPortGetFreeHeapSize
                0xfff83d16                vPortInitialiseBlocks
 P              0xfff83d72      0x60a ./src/sw/FreeTCPIP/psock.o
                0xfff84053                psock_send
                0xfff840d1                psock_generator_send
                0xfff8416f                psock_datalen
                0xfff8418e                psock_newdata
                0xfff841db                psock_readto
                0xfff8428f                psock_readbuf
                0xfff84343                psock_init
 P              0xfff8437c       0x99 ./src/sw/FreeTCPIP/timer.o
                0xfff8437c                timer_set
                0xfff8439c                timer_reset
                0xfff843b7                timer_restart
                0xfff843cd                timer_expired
                0xfff843f3                timer_remaining
 *fill*         0xfff84415        0x1 00
 P              0xfff84416     0x2230 ./src/sw/FreeTCPIP/uip.o
                0xfff84416                uip_setipid
                0xfff8442c                uip_add32
                0xfff845e8                uip_chksum
                0xfff84613                uip_ipchksum
                0xfff846db                uip_tcpchksum
                0xfff846f1                uip_udpchksum
                0xfff84708                uip_init
                0xfff847a8                uip_connect
                0xfff84955                uip_unlisten
                0xfff849c3                uip_listen
                0xfff84a9c                uip_process
                0xfff8657f                htons
                0xfff8659b                htonl
                0xfff865d6                uip_send
 P              0xfff86646      0x8dc ./src/sw/FreeTCPIP/uip_arp.o
                0xfff86646                uip_arp_init
                0xfff86697                uip_arp_timer
                0xfff86969                uip_arp_arpin
                0xfff86ba1                uip_arp_out
 P              0xfff86f22        0x0 ./src/sw/FreeTCPIP/apps/httpd/http-strings.o
 P              0xfff86f22      0x162 ./src/sw/FreeTCPIP/apps/httpd/httpd-fs.o
                0xfff86f8b                httpd_fs_open
                0xfff87007                httpd_fs_init
                0xfff8702f                httpd_fs_count
 P              0xfff87084      0xa94 ./src/sw/FreeTCPIP/apps/httpd/httpd.o
                0xfff87a1d                httpd_appcall
                0xfff87b09                httpd_init
 P              0xfff87b18      0x4ae ./src/sw/FreeRTOS/croutine.o
                0xfff87b18                xCoRoutineCreate
                0xfff87bfd                vCoRoutineAddToDelayedList
                0xfff87e48                vCoRoutineSchedule
                0xfff87f6f                xCoRoutineRemoveFromEventList
 P              0xfff87fc6      0x190 ./src/sw/FreeRTOS/list.o
                0xfff87fc6                vListInitialise
                0xfff87ffb                vListInitialiseItem
                0xfff88013                vListInsertEnd
                0xfff88072                vListInsert
                0xfff880f4                uxListRemove
 P              0xfff88156      0xaf6 ./src/sw/FreeRTOS/queue.o
                0xfff88156                xQueueGenericReset
                0xfff88213                xQueueGenericCreate
                0xfff8829d                xQueueCreateMutex
                0xfff88325                xQueueGiveMutexRecursive
                0xfff88385                xQueueTakeMutexRecursive
                0xfff883f1                xQueueGenericSend
                0xfff88547                xQueueGenericSendFromISR
                0xfff88603                xQueueGenericReceive
                0xfff887d9                xQueueReceiveFromISR
                0xfff88899                uxQueueMessagesWaiting
                0xfff888cb                uxQueueMessagesWaitingFromISR
                0xfff888f5                vQueueDelete
                0xfff88927                ucQueueGetQueueNumber
                0xfff88942                vQueueSetQueueNumber
                0xfff88958                ucQueueGetQueueType
                0xfff88b5f                xQueueIsQueueEmptyFromISR
                0xfff88bbf                xQueueIsQueueFullFromISR
                0xfff88bf1                vQueueWaitForMessageRestricted
 P              0xfff88c4c     0x18d8 ./src/sw/FreeRTOS/tasks.o
                0xfff88c4c                xTaskGenericCreate
                0xfff88e1d                vTaskDelete
                0xfff88ecd                vTaskDelayUntil
                0xfff88f95                vTaskDelay
                0xfff88ff3                uxTaskPriorityGet
                0xfff8902e                vTaskPrioritySet
                0xfff89161                vTaskSuspend
                0xfff8920f                xTaskIsTaskSuspended
                0xfff89261                vTaskResume
                0xfff8930b                xTaskResumeFromISR
                0xfff893cd                vTaskStartScheduler
                0xfff8943a                vTaskEndScheduler
                0xfff89455                vTaskSuspendAll
                0xfff8946f                xTaskResumeAll
                0xfff8959f                xTaskGetTickCount
                0xfff895c5                xTaskGetTickCountFromISR
                0xfff895f4                uxTaskGetNumberOfTasks
                0xfff89609                vTaskList
                0xfff896ed                vTaskGetRunTimeStats
                0xfff897f7                vTaskIncrementTick
                0xfff8998d                vTaskSwitchContext
                0xfff89aed                vTaskPlaceOnEventList
                0xfff89b63                vTaskPlaceOnEventListRestricted
                0xfff89bb9                xTaskRemoveFromEventList
                0xfff89c71                vTaskSetTimeOutState
                0xfff89ca0                xTaskCheckForTimeOut
                0xfff89d4b                vTaskMissedYield
                0xfff89d5f                uxTaskGetTaskNumber
                0xfff89d8f                vTaskSetTaskNumber
                0xfff8a2c0                uxTaskGetStackHighWaterMark
                0xfff8a324                xTaskGetCurrentTaskHandle
                0xfff8a342                xTaskGetSchedulerState
                0xfff8a379                vTaskPriorityInherit
                0xfff8a439                vTaskPriorityDisinherit
                0xfff8a4b9                vTaskEnterCritical
                0xfff8a4df                vTaskExitCritical
 P              0xfff8a524      0x61c ./src/sw/FreeRTOS/timers.o
                0xfff8a524                xTimerCreateTimerTask
                0xfff8a57a                xTimerCreate
                0xfff8a5ed                xTimerGenericCommand
                0xfff8aaef                xTimerIsTimerActive
                0xfff8ab22                pvTimerGetTimerID
 P              0xfff8ab40      0x17e ./src/sw/FreeRTOS/port/port.o
                0xfff8ab40                pxPortInitialiseStack
                0xfff8aba9                xPortStartScheduler
                0xfff8abf5                vPortEndScheduler
                0xfff8ac1d                vSoftwareInterruptISR
                0xfff8ac7d                vTickISR
                0xfff8ac9f                ulPortGetIPL
                0xfff8aca9                vPortSetIPL
 P              0xfff8acbe      0x11e ./src/HighFrequencyTimerTest.o
                0xfff8acbe                vSetupHighFrequencyTimer
                0xfff8ad44                vTimer2_ISR_Handler
 P              0xfff8addc      0x48c ./src/mainl.o
                0xfff8addc                main
                0xfff8b070                vApplicationSetupTimerInterrupt
                0xfff8b0d1                vApplicationMallocFailedHook
                0xfff8b0d8                vApplicationStackOverflowHook
                0xfff8b0e6                vApplicationIdleHook
                0xfff8b133                pcGetTaskStatusMessage
 P              0xfff8b268       0xbc ./src/fw/fw_setup.o
                0xfff8b268                fw_setup
 P              0xfff8b324        0x7 ./src/fw/hwinit.o
                0xfff8b324                hw_initialise
 P              0xfff8b32b       0x44 ./src/fw/hwsetup.o
                0xfff8b32b                HardwareSetup
 P              0xfff8b36f      0x3f0 ./src/fw/inthandler.o
                0xfff8b36f                INT_Excep_SuperVisorInst
                0xfff8b377                INT_Excep_UndefinedInst
                0xfff8b380                INT_Excep_FloatingPoint
                0xfff8b388                INT_NonMaskableInterrupt
                0xfff8b390                Dummy
                0xfff8b398                INT_Excep_BRK
                0xfff8b3a0                INT_Excep_BUSERR
                0xfff8b3a8                INT_Excep_FCU_FCUERR
                0xfff8b3b0                INT_Excep_FCU_FRDYI
                0xfff8b3b8                INT_Excep_CMTU0_CMT0
                0xfff8b3c0                INT_Excep_CMTU0_CMT1
                0xfff8b3c8                INT_Excep_CMTU1_CMT2
                0xfff8b3d0                INT_Excep_CMTU1_CMT3
                0xfff8b3d8                INT_Excep_IRQ0
                0xfff8b3e0                INT_Excep_IRQ1
                0xfff8b3e8                INT_Excep_IRQ2
                0xfff8b3f0                INT_Excep_IRQ3
                0xfff8b3f8                INT_Excep_IRQ4
                0xfff8b400                INT_Excep_IRQ5
                0xfff8b408                INT_Excep_IRQ6
                0xfff8b410                INT_Excep_IRQ7
                0xfff8b418                INT_Excep_IRQ8
                0xfff8b420                INT_Excep_IRQ9
                0xfff8b428                INT_Excep_IRQ10
                0xfff8b430                INT_Excep_IRQ11
                0xfff8b438                INT_Excep_IRQ12
                0xfff8b440                INT_Excep_IRQ13
                0xfff8b448                INT_Excep_IRQ14
                0xfff8b450                INT_Excep_IRQ15
                0xfff8b458                INT_Excep_WDT_WOVI
                0xfff8b460                INT_Excep_AD0_ADI0
                0xfff8b468                INT_Excep_AD1_ADI1
                0xfff8b470                INT_Excep_AD2_ADI2
                0xfff8b478                INT_Excep_AD3_ADI3
                0xfff8b480                INT_Excep_TPU0_TGI0A
                0xfff8b488                INT_Excep_TPU0_TGI0B
                0xfff8b490                INT_Excep_TPU0_TGI0C
                0xfff8b498                INT_Excep_TPU0_TGI0D
                0xfff8b4a0                INT_Excep_TPU0_TCI0V
                0xfff8b4a8                INT_Excep_TPU1_TGI1A
                0xfff8b4b0                INT_Excep_TPU1_TGI1B
                0xfff8b4b8                INT_Excep_TPU1_TCI1V
                0xfff8b4c0                INT_Excep_TPU1_TCI1U
                0xfff8b4c8                INT_Excep_TPU2_TGI2A
                0xfff8b4d0                INT_Excep_TPU2_TGI2B
                0xfff8b4d8                INT_Excep_TPU2_TCI2V
                0xfff8b4e0                INT_Excep_TPU2_TCI2U
                0xfff8b4e8                INT_Excep_TPU3_TGI3A
                0xfff8b4f0                INT_Excep_TPU3_TGI3B
                0xfff8b4f8                INT_Excep_TPU3_TGI3C
                0xfff8b500                INT_Excep_TPU3_TGI3D
                0xfff8b508                INT_Excep_TPU3_TCI3V
                0xfff8b510                INT_Excep_TPU4_TGI4A
                0xfff8b518                INT_Excep_TPU4_TGI4B
                0xfff8b520                INT_Excep_TPU4_TCI4V
                0xfff8b528                INT_Excep_TPU4_TCI4U
                0xfff8b530                INT_Excep_TPU5_TGI5A
                0xfff8b538                INT_Excep_TPU5_TGI5B
                0xfff8b540                INT_Excep_TPU5_TCI5V
                0xfff8b548                INT_Excep_TPU5_TCI5U
                0xfff8b550                INT_Excep_TPU6_TGI6A
                0xfff8b558                INT_Excep_TPU6_TGI6B
                0xfff8b560                INT_Excep_TPU6_TGI6C
                0xfff8b568                INT_Excep_TPU6_TGI6D
                0xfff8b570                INT_Excep_TPU6_TCI6V
                0xfff8b578                INT_Excep_TPU7_TGI7A
                0xfff8b580                INT_Excep_TPU7_TGI7B
                0xfff8b588                INT_Excep_TPU7_TCI7V
                0xfff8b590                INT_Excep_TPU7_TCI7U
                0xfff8b598                INT_Excep_TPU8_TGI8A
                0xfff8b5a0                INT_Excep_TPU8_TGI8B
                0xfff8b5a8                INT_Excep_TPU8_TCI8V
                0xfff8b5b0                INT_Excep_TPU8_TCI8U
                0xfff8b5b8                INT_Excep_TPU9_TGI9A
                0xfff8b5c0                INT_Excep_TPU9_TGI9B
                0xfff8b5c8                INT_Excep_TPU9_TGI9C
                0xfff8b5d0                INT_Excep_TPU9_TGI9D
                0xfff8b5d8                INT_Excep_TPU9_TCI9V
                0xfff8b5e0                INT_Excep_TPU10_TGI10A
                0xfff8b5e8                INT_Excep_TPU10_TGI10B
                0xfff8b5f0                INT_Excep_TPU10_TCI10V
                0xfff8b5f8                INT_Excep_TPU10_TCI10U
                0xfff8b600                INT_Excep_TPU11_TGI11A
                0xfff8b608                INT_Excep_TPU11_TGI11B
                0xfff8b610                INT_Excep_TPU11_TCI11V
                0xfff8b618                INT_Excep_TPU11_TCI11U
                0xfff8b620                INT_Excep_DMAC_DMTEND0
                0xfff8b627                INT_Excep_DMAC_DMTEND1
                0xfff8b62f                INT_Excep_DMAC_DMTEND2
                0xfff8b637                INT_Excep_DMAC_DMTEND3
                0xfff8b63f                INT_Excep_SCI0_ERI0
                0xfff8b647                INT_Excep_SCI0_RXI0
                0xfff8b64f                INT_Excep_SCI0_TXI0
                0xfff8b657                INT_Excep_SCI0_TEI0
                0xfff8b65f                INT_Excep_SCI1_ERI1
                0xfff8b667                INT_Excep_SCI1_RXI1
                0xfff8b66f                INT_Excep_SCI1_TXI1
                0xfff8b677                INT_Excep_SCI1_TEI1
                0xfff8b67f                INT_Excep_SCI2_ERI2
                0xfff8b687                INT_Excep_SCI2_RXI2
                0xfff8b68f                INT_Excep_SCI2_TXI2
                0xfff8b697                INT_Excep_SCI2_TEI2
                0xfff8b69f                INT_Excep_SCI3_ERI3
                0xfff8b6a7                INT_Excep_SCI3_RXI3
                0xfff8b6af                INT_Excep_SCI3_TXI3
                0xfff8b6b7                INT_Excep_SCI3_TEI3
                0xfff8b6bf                INT_Excep_SCI4_ERI4
                0xfff8b6c7                INT_Excep_SCI4_RXI4
                0xfff8b6cf                INT_Excep_SCI4_TXI4
                0xfff8b6d7                INT_Excep_SCI4_TEI4
                0xfff8b6df                INT_Excep_SCI5_ERI5
                0xfff8b6e7                INT_Excep_SCI5_RXI5
                0xfff8b6ef                INT_Excep_SCI5_TXI5
                0xfff8b6f7                INT_Excep_SCI5_TEI5
                0xfff8b6ff                INT_Excep_SCI6_ERI6
                0xfff8b707                INT_Excep_SCI6_RXI6
                0xfff8b70f                INT_Excep_SCI6_TXI6
                0xfff8b717                INT_Excep_SCI6_TEI6
                0xfff8b71f                INT_Excep_RIIC0_EEI0
                0xfff8b727                INT_Excep_RIIC0_RXI0
                0xfff8b72f                INT_Excep_RIIC0_TXI0
                0xfff8b737                INT_Excep_RIIC0_TEI0
                0xfff8b73f                INT_Excep_RIIC1_EEI1
                0xfff8b747                INT_Excep_RIIC1_RXI1
                0xfff8b74f                INT_Excep_RIIC1_TXI1
                0xfff8b757                INT_Excep_RIIC1_TEI1
 P              0xfff8b75f        0x0 ./src/fw/start.o
 P              0xfff8b75f        0x0 ./src/fw/vects.o
 P              0xfff8b75f      0x184 ./src/fw/TMR/fw_tmr0.o
                0xfff8b75f                fw_tmr0_init
                0xfff8b8a4                fw_tmr0_handle_CMI0A
                0xfff8b8b9                fw_tmr0_handle_CMI0B
                0xfff8b8ce                fw_tmr0_handle_OV0I
 P              0xfff8b8e3      0x15b ./src/fw/TMR/fw_tmr1.o
                0xfff8b8e3                fw_tmr1_init
                0xfff8b9ff                fw_tmr1_handle_CMI1A
                0xfff8ba14                fw_tmr1_handle_CMI1B
                0xfff8ba29                fw_tmr1_handle_OV1I
 P              0xfff8ba3e      0x177 ./src/fw/TMR/fw_tmr2.o
                0xfff8ba3e                fw_tmr2_init
                0xfff8bb76                fw_tmr2_handle_CMI2A
                0xfff8bb8b                fw_tmr2_handle_CMI2B
                0xfff8bba0                fw_tmr2_handle_OV2I
 P              0xfff8bbb5      0x177 ./src/fw/TMR/fw_tmr3.o
                0xfff8bbb5                fw_tmr3_init
                0xfff8bced                fw_tmr3_handle_CMI3A
                0xfff8bd02                fw_tmr3_handle_CMI3B
                0xfff8bd17                fw_tmr3_handle_OV3I
 P              0xfff8bd2c       0x4e ./src/fw/SWINT/fw_swint.o
                0xfff8bd2c                fw_swint_init
                0xfff8bd61                fw_swint_handle
 P              0xfff8bd7a       0x28 ./src/fw/SW/fw_sw.o
                0xfff8bd7a                fw_sw_init
 P              0xfff8bda2      0x3f2 ./src/fw/SPI/fw_spi.o
                0xfff8bda2                fw_spi_init
                0xfff8c13e                fw_spi_send_short
 P              0xfff8c194      0x170 ./src/fw/SCI/fw_sci2.o
                0xfff8c194                fw_sci2_init
                0xfff8c257                transmit_data
                0xfff8c28e                transmit_text
                0xfff8c2c9                receive_data
 P              0xfff8c304       0x76 ./src/fw/RTC/fw_rtc.o
                0xfff8c304                fw_rtc_init
                0xfff8c36d                fw_rtc_get_datetime
 P              0xfff8c37a      0x25f ./src/fw/LED/fw_led.o
                0xfff8c37a                fw_led_init
 P              0xfff8c5d9       0xa9 ./src/fw/IRQ/fw_irq10.o
                0xfff8c5d9                fw_irq10_init
                0xfff8c644                fw_irq10_handle
 P              0xfff8c682       0x8d ./src/fw/IRQ/fw_irq15.o
                0xfff8c682                fw_irq15_init
                0xfff8c6fa                fw_irq15_handle
 *fill*         0xfff8c70f        0x1 00
 P              0xfff8c710       0xd6 ./src/fw/IRQ/fw_irq8.o
                0xfff8c710                fw_irq8_init
                0xfff8c77b                fw_irq8_handle
 P              0xfff8c7e6       0xa7 ./src/fw/IRQ/fw_irq9.o
                0xfff8c7e6                fw_irq9_init
                0xfff8c851                fw_irq9_handle
 P              0xfff8c88d        0x0 ./src/fw/GLCD/font_8x16.o
 P              0xfff8c88d        0x0 ./src/fw/GLCD/font_8x8.o
 P              0xfff8c88d        0x0 ./src/fw/GLCD/font_bitmap.o
 P              0xfff8c88d        0x0 ./src/fw/GLCD/font_helvr10.o
 P              0xfff8c88d        0x0 ./src/fw/GLCD/font_winfreesystem14x16.o
 P              0xfff8c88d        0x0 ./src/fw/GLCD/font_x5x7.o
 P              0xfff8c88d        0x0 ./src/fw/GLCD/font_x6x13.o
 *fill*         0xfff8c88d        0x1 00
 P              0xfff8c88e      0x37c ./src/fw/GLCD/fw_glcd.o
                0xfff8c88e                fw_glcd_init
                0xfff8c91f                fw_glcd_send_command
                0xfff8c95f                fw_glcd_send_data
                0xfff8c99f                fw_glcd_refresh
                0xfff8c9f1                fw_glcd_set_xy
                0xfff8ca31                fw_glcd_clean
                0xfff8ca87                fw_glcd_input
                0xfff8cb65                fw_glcd_next_line
                0xfff8cba1                fw_glcd_line
                0xfff8cbbd                fw_glcd_colun
                0xfff8cbdb                fw_glcd_text
 P              0xfff8cc0a      0x1ee ./src/fw/ETH/fw_eth.o
                0xfff8cc0a                fw_eth_init
                0xfff8cd8a                fw_eth_handle
                0xfff8cd9f                fw_eth_setMAC
 P              0xfff8cdf8       0x6b ./src/fw/Clock/fw_clock.o
                0xfff8cdf8                fw_clock_init
 P              0xfff8ce63       0x76 ./src/fw/CMT/cmt0.o
                0xfff8ce63                fw_cmt0_init
                0xfff8cec4                fw_cmt0_handle
 P              0xfff8ced9      0x140 ./src/fw/AD/fw_ad.o
                0xfff8ced9                fw_ad_init
                0xfff8cff1                fw_ad_handle
 *fill*         0xfff8d019        0x7 00
 P              0xfff8d020      0x148 libRenesasRX62N.a(memcmp.o)
                0xfff8d020                memcmp
 P              0xfff8d168      0x1a8 libRenesasRX62N.a(memcpy.o)
                0xfff8d168                memcpy
 P              0xfff8d310      0x200 libRenesasRX62N.a(memset.o)
                0xfff8d310                memset
 P              0xfff8d510       0x26 libRenesasRX62N.a(sprintf.o)
                0xfff8d518                sprintf
 *fill*         0xfff8d536        0x2 00
 P              0xfff8d538       0x18 libRenesasRX62N.a(strchr.o)
                0xfff8d538                strchr
 P              0xfff8d550       0x10 libRenesasRX62N.a(strcpy.o)
                0xfff8d550                strcpy
 P              0xfff8d560       0x20 libRenesasRX62N.a(strlen.o)
                0xfff8d560                strlen
 P              0xfff8d580       0xd0 libRenesasRX62N.a(strncmp.o)
                0xfff8d580                strncmp
 P              0xfff8d650      0x320 libRenesasRX62N.a(strncpy.o)
                0xfff8d650                strncpy
 P              0xfff8d970       0x30 libRenesasRX62N.a(strrchr.o)
                0xfff8d970                strrchr
 P              0xfff8d9a0       0x48 libRenesasRX62N.a(strstr.o)
                0xfff8d9a0                strstr
 P              0xfff8d9e8      0xf80 libRenesasRX62N.a(frmwri.o)
                0xfff8d9e8                _formatted_write
                0xfff8e968                etext = .

.rvectors       0xfff8e968      0x400
                0xfff8e968                _rvectors_start = .
 *(.rvectors)
 .rvectors      0xfff8e968      0x400 ./src/fw/vects.o
                0xfff8e968                RelocatableVectors
                0xfff8ed68                _rvectors_end = .

.init
 *(.init)

.fini
 *(.fini)

.got
 *(.got)
 *(.got.plt)

.rodata         0xfff8ed68     0xf144
 *(.rodata)
 *(.rodata.*)
 .rodata.str1.1
                0xfff8ed68       0x35 libRenesasRX62N.a(frmwri.o)
 *(C_1)
 *(C_2)
 *(C)
 *fill*         0xfff8ed9d        0x3 00
 C              0xfff8eda0      0x21c ./src/sw/webserver/httpd-cgi.o
 C              0xfff8efbc       0x30 ./src/sw/task/BlockQ.o
 C              0xfff8efec       0x18 ./src/sw/task/GenQTest.o
 C              0xfff8f004       0x10 ./src/sw/task/PollQ.o
 C              0xfff8f014       0x1c ./src/sw/task/QPeek.o
 C              0xfff8f030       0x10 ./src/sw/task/blocktim.o
 C              0xfff8f040        0x8 ./src/sw/task/flash.o
 C              0xfff8f048       0x30 ./src/sw/task/flop.o
 C              0xfff8f078        0x8 ./src/sw/task/integer.o
 C              0xfff8f080       0x10 ./src/sw/task/recmutex.o
 C              0xfff8f090       0x20 ./src/sw/task/semtest.o
 C              0xfff8f0b0       0x18 ./src/sw/task/sw_task_glcd.o
 C              0xfff8f0c8       0x30 ./src/sw/task/uIP_Task.o
 C              0xfff8f0f8        0x4 ./src/sw/MemMang/heap_2.o
 C              0xfff8f0fc       0x50 ./src/sw/FreeTCPIP/uip.o
                0xfff8f0fc                uip_broadcast_addr
                0xfff8f100                uip_all_zeroes_addr
 C              0xfff8f14c        0x8 ./src/sw/FreeTCPIP/uip_arp.o
 C              0xfff8f154      0x24c ./src/sw/FreeTCPIP/apps/httpd/http-strings.o
                0xfff8f154                http_http
                0xfff8f15c                http_200
                0xfff8f161                http_301
                0xfff8f166                http_302
                0xfff8f16b                http_get
                0xfff8f170                http_10
                0xfff8f179                http_11
                0xfff8f182                http_content_type
                0xfff8f191                http_texthtml
                0xfff8f19b                http_location
                0xfff8f1a6                http_host
                0xfff8f1ad                http_crnl
                0xfff8f1b0                http_index_html
                0xfff8f1bc                http_404_html
                0xfff8f1c6                http_referer
                0xfff8f1cf                http_header_200
                0xfff8f223                http_header_404
                0xfff8f27e                http_content_type_plain
                0xfff8f29b                http_content_type_html
                0xfff8f2b7                http_content_type_css
                0xfff8f2d2                http_content_type_text
                0xfff8f2ee                http_content_type_png
                0xfff8f30a                http_content_type_gif
                0xfff8f326                http_content_type_jpg
                0xfff8f343                http_content_type_binary
                0xfff8f36e                http_html
                0xfff8f374                http_shtml
                0xfff8f37b                http_htm
                0xfff8f380                http_css
                0xfff8f385                http_png
                0xfff8f38a                http_gif
                0xfff8f38f                http_jpg
                0xfff8f394                http_text
                0xfff8f399                http_txt
 C              0xfff8f3a0     0x960c ./src/sw/FreeTCPIP/apps/httpd/httpd-fs.o
                0xfff9890c                file_404_html
                0xfff98920                file_index_html
                0xfff98934                file_index_shtml
                0xfff98948                file_io_shtml
                0xfff9895c                file_logo_jpg
                0xfff98970                file_runtime_shtml
                0xfff98984                file_stats_shtml
                0xfff98998                file_tcp_shtml
 C              0xfff989ac       0x5c ./src/sw/FreeRTOS/tasks.o
 C              0xfff98a08        0x8 ./src/sw/FreeRTOS/timers.o
 C              0xfff98a10      0x104 ./src/mainl.o
 C              0xfff98b14       0xec ./src/fw/fw_setup.o
 C              0xfff98c00     0x1600 ./src/fw/GLCD/font_8x16.o
                0xfff98c00                Font8x16_char_0
                0xfff98c12                Font8x16_char_1
                0xfff98c24                Font8x16_char_2
                0xfff98c36                Font8x16_char_3
                0xfff98c48                Font8x16_char_4
                0xfff98c5a                Font8x16_char_5
                0xfff98c6c                Font8x16_char_6
                0xfff98c7e                Font8x16_char_7
                0xfff98c90                Font8x16_char_8
                0xfff98ca2                Font8x16_char_9
                0xfff98cb4                Font8x16_char_10
                0xfff98cc6                Font8x16_char_11
                0xfff98cd8                Font8x16_char_12
                0xfff98cea                Font8x16_char_13
                0xfff98cfc                Font8x16_char_14
                0xfff98d0e                Font8x16_char_15
                0xfff98d20                Font8x16_char_16
                0xfff98d32                Font8x16_char_17
                0xfff98d44                Font8x16_char_18
                0xfff98d56                Font8x16_char_19
                0xfff98d68                Font8x16_char_20
                0xfff98d7a                Font8x16_char_21
                0xfff98d8c                Font8x16_char_22
                0xfff98d9e                Font8x16_char_23
                0xfff98db0                Font8x16_char_24
                0xfff98dc2                Font8x16_char_25
                0xfff98dd4                Font8x16_char_26
                0xfff98de6                Font8x16_char_27
                0xfff98df8                Font8x16_char_28
                0xfff98e0a                Font8x16_char_29
                0xfff98e1c                Font8x16_char_30
                0xfff98e2e                Font8x16_char_31
                0xfff98e40                Font8x16_char_32
                0xfff98e52                Font8x16_char_33
                0xfff98e64                Font8x16_char_34
                0xfff98e76                Font8x16_char_35
                0xfff98e88                Font8x16_char_36
                0xfff98e9a                Font8x16_char_37
                0xfff98eac                Font8x16_char_38
                0xfff98ebe                Font8x16_char_39
                0xfff98ed0                Font8x16_char_40
                0xfff98ee2                Font8x16_char_41
                0xfff98ef4                Font8x16_char_42
                0xfff98f06                Font8x16_char_43
                0xfff98f18                Font8x16_char_44
                0xfff98f2a                Font8x16_char_45
                0xfff98f3c                Font8x16_char_46
                0xfff98f4e                Font8x16_char_47
                0xfff98f60                Font8x16_char_48
                0xfff98f72                Font8x16_char_49
                0xfff98f84                Font8x16_char_50
                0xfff98f96                Font8x16_char_51
                0xfff98fa8                Font8x16_char_52
                0xfff98fba                Font8x16_char_53
                0xfff98fcc                Font8x16_char_54
                0xfff98fde                Font8x16_char_55
                0xfff98ff0                Font8x16_char_56
                0xfff99002                Font8x16_char_57
                0xfff99014                Font8x16_char_58
                0xfff99026                Font8x16_char_59
                0xfff99038                Font8x16_char_60
                0xfff9904a                Font8x16_char_61
                0xfff9905c                Font8x16_char_62
                0xfff9906e                Font8x16_char_63
                0xfff99080                Font8x16_char_64
                0xfff99092                Font8x16_char_65
                0xfff990a4                Font8x16_char_66
                0xfff990b6                Font8x16_char_67
                0xfff990c8                Font8x16_char_68
                0xfff990da                Font8x16_char_69
                0xfff990ec                Font8x16_char_70
                0xfff990fe                Font8x16_char_71
                0xfff99110                Font8x16_char_72
                0xfff99122                Font8x16_char_73
                0xfff99134                Font8x16_char_74
                0xfff99146                Font8x16_char_75
                0xfff99158                Font8x16_char_76
                0xfff9916a                Font8x16_char_77
                0xfff9917c                Font8x16_char_78
                0xfff9918e                Font8x16_char_79
                0xfff991a0                Font8x16_char_80
                0xfff991b2                Font8x16_char_81
                0xfff991c4                Font8x16_char_82
                0xfff991d6                Font8x16_char_83
                0xfff991e8                Font8x16_char_84
                0xfff991fa                Font8x16_char_85
                0xfff9920c                Font8x16_char_86
                0xfff9921e                Font8x16_char_87
                0xfff99230                Font8x16_char_88
                0xfff99242                Font8x16_char_89
                0xfff99254                Font8x16_char_90
                0xfff99266                Font8x16_char_91
                0xfff99278                Font8x16_char_92
                0xfff9928a                Font8x16_char_93
                0xfff9929c                Font8x16_char_94
                0xfff992ae                Font8x16_char_95
                0xfff992c0                Font8x16_char_96
                0xfff992d2                Font8x16_char_97
                0xfff992e4                Font8x16_char_98
                0xfff992f6                Font8x16_char_99
                0xfff99308                Font8x16_char_100
                0xfff9931a                Font8x16_char_101
                0xfff9932c                Font8x16_char_102
                0xfff9933e                Font8x16_char_103
                0xfff99350                Font8x16_char_104
                0xfff99362                Font8x16_char_105
                0xfff99374                Font8x16_char_106
                0xfff99386                Font8x16_char_107
                0xfff99398                Font8x16_char_108
                0xfff993aa                Font8x16_char_109
                0xfff993bc                Font8x16_char_110
                0xfff993ce                Font8x16_char_111
                0xfff993e0                Font8x16_char_112
                0xfff993f2                Font8x16_char_113
                0xfff99404                Font8x16_char_114
                0xfff99416                Font8x16_char_115
                0xfff99428                Font8x16_char_116
                0xfff9943a                Font8x16_char_117
                0xfff9944c                Font8x16_char_118
                0xfff9945e                Font8x16_char_119
                0xfff99470                Font8x16_char_120
                0xfff99482                Font8x16_char_121
                0xfff99494                Font8x16_char_122
                0xfff994a6                Font8x16_char_123
                0xfff994b8                Font8x16_char_124
                0xfff994ca                Font8x16_char_125
                0xfff994dc                Font8x16_char_126
                0xfff994ee                Font8x16_char_127
                0xfff99500                Font8x16_char_128
                0xfff99512                Font8x16_char_129
                0xfff99524                Font8x16_char_130
                0xfff99536                Font8x16_char_131
                0xfff99548                Font8x16_char_132
                0xfff9955a                Font8x16_char_133
                0xfff9956c                Font8x16_char_134
                0xfff9957e                Font8x16_char_135
                0xfff99590                Font8x16_char_136
                0xfff995a2                Font8x16_char_137
                0xfff995b4                Font8x16_char_138
                0xfff995c6                Font8x16_char_139
                0xfff995d8                Font8x16_char_140
                0xfff995ea                Font8x16_char_141
                0xfff995fc                Font8x16_char_142
                0xfff9960e                Font8x16_char_143
                0xfff99620                Font8x16_char_144
                0xfff99632                Font8x16_char_145
                0xfff99644                Font8x16_char_146
                0xfff99656                Font8x16_char_147
                0xfff99668                Font8x16_char_148
                0xfff9967a                Font8x16_char_149
                0xfff9968c                Font8x16_char_150
                0xfff9969e                Font8x16_char_151
                0xfff996b0                Font8x16_char_152
                0xfff996c2                Font8x16_char_153
                0xfff996d4                Font8x16_char_154
                0xfff996e6                Font8x16_char_155
                0xfff996f8                Font8x16_char_156
                0xfff9970a                Font8x16_char_157
                0xfff9971c                Font8x16_char_158
                0xfff9972e                Font8x16_char_159
                0xfff99740                Font8x16_char_160
                0xfff99752                Font8x16_char_161
                0xfff99764                Font8x16_char_162
                0xfff99776                Font8x16_char_163
                0xfff99788                Font8x16_char_164
                0xfff9979a                Font8x16_char_165
                0xfff997ac                Font8x16_char_166
                0xfff997be                Font8x16_char_167
                0xfff997d0                Font8x16_char_168
                0xfff997e2                Font8x16_char_169
                0xfff997f4                Font8x16_char_170
                0xfff99806                Font8x16_char_171
                0xfff99818                Font8x16_char_172
                0xfff9982a                Font8x16_char_173
                0xfff9983c                Font8x16_char_174
                0xfff9984e                Font8x16_char_175
                0xfff99860                Font8x16_char_176
                0xfff99872                Font8x16_char_177
                0xfff99884                Font8x16_char_178
                0xfff99896                Font8x16_char_179
                0xfff998a8                Font8x16_char_180
                0xfff998ba                Font8x16_char_181
                0xfff998cc                Font8x16_char_182
                0xfff998de                Font8x16_char_183
                0xfff998f0                Font8x16_char_184
                0xfff99902                Font8x16_char_185
                0xfff99914                Font8x16_char_186
                0xfff99926                Font8x16_char_187
                0xfff99938                Font8x16_char_188
                0xfff9994a                Font8x16_char_189
                0xfff9995c                Font8x16_char_190
                0xfff9996e                Font8x16_char_191
                0xfff99980                Font8x16_char_192
                0xfff99992                Font8x16_char_193
                0xfff999a4                Font8x16_char_194
                0xfff999b6                Font8x16_char_195
                0xfff999c8                Font8x16_char_196
                0xfff999da                Font8x16_char_197
                0xfff999ec                Font8x16_char_198
                0xfff999fe                Font8x16_char_199
                0xfff99a10                Font8x16_char_200
                0xfff99a22                Font8x16_char_201
                0xfff99a34                Font8x16_char_202
                0xfff99a46                Font8x16_char_203
                0xfff99a58                Font8x16_char_204
                0xfff99a6a                Font8x16_char_205
                0xfff99a7c                Font8x16_char_206
                0xfff99a8e                Font8x16_char_207
                0xfff99aa0                Font8x16_char_208
                0xfff99ab2                Font8x16_char_209
                0xfff99ac4                Font8x16_char_210
                0xfff99ad6                Font8x16_char_211
                0xfff99ae8                Font8x16_char_212
                0xfff99afa                Font8x16_char_213
                0xfff99b0c                Font8x16_char_214
                0xfff99b1e                Font8x16_char_215
                0xfff99b30                Font8x16_char_216
                0xfff99b42                Font8x16_char_217
                0xfff99b54                Font8x16_char_218
                0xfff99b66                Font8x16_char_219
                0xfff99b78                Font8x16_char_220
                0xfff99b8a                Font8x16_char_221
                0xfff99b9c                Font8x16_char_222
                0xfff99bae                Font8x16_char_223
                0xfff99bc0                Font8x16_char_224
                0xfff99bd2                Font8x16_char_225
                0xfff99be4                Font8x16_char_226
                0xfff99bf6                Font8x16_char_227
                0xfff99c08                Font8x16_char_228
                0xfff99c1a                Font8x16_char_229
                0xfff99c2c                Font8x16_char_230
                0xfff99c3e                Font8x16_char_231
                0xfff99c50                Font8x16_char_232
                0xfff99c62                Font8x16_char_233
                0xfff99c74                Font8x16_char_234
                0xfff99c86                Font8x16_char_235
                0xfff99c98                Font8x16_char_236
                0xfff99caa                Font8x16_char_237
                0xfff99cbc                Font8x16_char_238
                0xfff99cce                Font8x16_char_239
                0xfff99ce0                Font8x16_char_240
                0xfff99cf2                Font8x16_char_241
                0xfff99d04                Font8x16_char_242
                0xfff99d16                Font8x16_char_243
                0xfff99d28                Font8x16_char_244
                0xfff99d3a                Font8x16_char_245
                0xfff99d4c                Font8x16_char_246
                0xfff99d5e                Font8x16_char_247
                0xfff99d70                Font8x16_char_248
                0xfff99d82                Font8x16_char_249
                0xfff99d94                Font8x16_char_250
                0xfff99da6                Font8x16_char_251
                0xfff99db8                Font8x16_char_252
                0xfff99dca                Font8x16_char_253
                0xfff99ddc                Font8x16_char_254
                0xfff99dee                Font8x16_char_255
                0xfff99e00                Font8x16_table
 C              0xfff9a200      0xe00 ./src/fw/GLCD/font_8x8.o
                0xfff9a200                Font8x8_char_0
                0xfff9a20a                Font8x8_char_1
                0xfff9a214                Font8x8_char_2
                0xfff9a21e                Font8x8_char_3
                0xfff9a228                Font8x8_char_4
                0xfff9a232                Font8x8_char_5
                0xfff9a23c                Font8x8_char_6
                0xfff9a246                Font8x8_char_7
                0xfff9a250                Font8x8_char_8
                0xfff9a25a                Font8x8_char_9
                0xfff9a264                Font8x8_char_10
                0xfff9a26e                Font8x8_char_11
                0xfff9a278                Font8x8_char_12
                0xfff9a282                Font8x8_char_13
                0xfff9a28c                Font8x8_char_14
                0xfff9a296                Font8x8_char_15
                0xfff9a2a0                Font8x8_char_16
                0xfff9a2aa                Font8x8_char_17
                0xfff9a2b4                Font8x8_char_18
                0xfff9a2be                Font8x8_char_19
                0xfff9a2c8                Font8x8_char_20
                0xfff9a2d2                Font8x8_char_21
                0xfff9a2dc                Font8x8_char_22
                0xfff9a2e6                Font8x8_char_23
                0xfff9a2f0                Font8x8_char_24
                0xfff9a2fa                Font8x8_char_25
                0xfff9a304                Font8x8_char_26
                0xfff9a30e                Font8x8_char_27
                0xfff9a318                Font8x8_char_28
                0xfff9a322                Font8x8_char_29
                0xfff9a32c                Font8x8_char_30
                0xfff9a336                Font8x8_char_31
                0xfff9a340                Font8x8_char_32
                0xfff9a34a                Font8x8_char_33
                0xfff9a354                Font8x8_char_34
                0xfff9a35e                Font8x8_char_35
                0xfff9a368                Font8x8_char_36
                0xfff9a372                Font8x8_char_37
                0xfff9a37c                Font8x8_char_38
                0xfff9a386                Font8x8_char_39
                0xfff9a390                Font8x8_char_40
                0xfff9a39a                Font8x8_char_41
                0xfff9a3a4                Font8x8_char_42
                0xfff9a3ae                Font8x8_char_43
                0xfff9a3b8                Font8x8_char_44
                0xfff9a3c2                Font8x8_char_45
                0xfff9a3cc                Font8x8_char_46
                0xfff9a3d6                Font8x8_char_47
                0xfff9a3e0                Font8x8_char_48
                0xfff9a3ea                Font8x8_char_49
                0xfff9a3f4                Font8x8_char_50
                0xfff9a3fe                Font8x8_char_51
                0xfff9a408                Font8x8_char_52
                0xfff9a412                Font8x8_char_53
                0xfff9a41c                Font8x8_char_54
                0xfff9a426                Font8x8_char_55
                0xfff9a430                Font8x8_char_56
                0xfff9a43a                Font8x8_char_57
                0xfff9a444                Font8x8_char_58
                0xfff9a44e                Font8x8_char_59
                0xfff9a458                Font8x8_char_60
                0xfff9a462                Font8x8_char_61
                0xfff9a46c                Font8x8_char_62
                0xfff9a476                Font8x8_char_63
                0xfff9a480                Font8x8_char_64
                0xfff9a48a                Font8x8_char_65
                0xfff9a494                Font8x8_char_66
                0xfff9a49e                Font8x8_char_67
                0xfff9a4a8                Font8x8_char_68
                0xfff9a4b2                Font8x8_char_69
                0xfff9a4bc                Font8x8_char_70
                0xfff9a4c6                Font8x8_char_71
                0xfff9a4d0                Font8x8_char_72
                0xfff9a4da                Font8x8_char_73
                0xfff9a4e4                Font8x8_char_74
                0xfff9a4ee                Font8x8_char_75
                0xfff9a4f8                Font8x8_char_76
                0xfff9a502                Font8x8_char_77
                0xfff9a50c                Font8x8_char_78
                0xfff9a516                Font8x8_char_79
                0xfff9a520                Font8x8_char_80
                0xfff9a52a                Font8x8_char_81
                0xfff9a534                Font8x8_char_82
                0xfff9a53e                Font8x8_char_83
                0xfff9a548                Font8x8_char_84
                0xfff9a552                Font8x8_char_85
                0xfff9a55c                Font8x8_char_86
                0xfff9a566                Font8x8_char_87
                0xfff9a570                Font8x8_char_88
                0xfff9a57a                Font8x8_char_89
                0xfff9a584                Font8x8_char_90
                0xfff9a58e                Font8x8_char_91
                0xfff9a598                Font8x8_char_92
                0xfff9a5a2                Font8x8_char_93
                0xfff9a5ac                Font8x8_char_94
                0xfff9a5b6                Font8x8_char_95
                0xfff9a5c0                Font8x8_char_96
                0xfff9a5ca                Font8x8_char_97
                0xfff9a5d4                Font8x8_char_98
                0xfff9a5de                Font8x8_char_99
                0xfff9a5e8                Font8x8_char_100
                0xfff9a5f2                Font8x8_char_101
                0xfff9a5fc                Font8x8_char_102
                0xfff9a606                Font8x8_char_103
                0xfff9a610                Font8x8_char_104
                0xfff9a61a                Font8x8_char_105
                0xfff9a624                Font8x8_char_106
                0xfff9a62e                Font8x8_char_107
                0xfff9a638                Font8x8_char_108
                0xfff9a642                Font8x8_char_109
                0xfff9a64c                Font8x8_char_110
                0xfff9a656                Font8x8_char_111
                0xfff9a660                Font8x8_char_112
                0xfff9a66a                Font8x8_char_113
                0xfff9a674                Font8x8_char_114
                0xfff9a67e                Font8x8_char_115
                0xfff9a688                Font8x8_char_116
                0xfff9a692                Font8x8_char_117
                0xfff9a69c                Font8x8_char_118
                0xfff9a6a6                Font8x8_char_119
                0xfff9a6b0                Font8x8_char_120
                0xfff9a6ba                Font8x8_char_121
                0xfff9a6c4                Font8x8_char_122
                0xfff9a6ce                Font8x8_char_123
                0xfff9a6d8                Font8x8_char_124
                0xfff9a6e2                Font8x8_char_125
                0xfff9a6ec                Font8x8_char_126
                0xfff9a6f6                Font8x8_char_127
                0xfff9a700                Font8x8_char_128
                0xfff9a70a                Font8x8_char_129
                0xfff9a714                Font8x8_char_130
                0xfff9a71e                Font8x8_char_131
                0xfff9a728                Font8x8_char_132
                0xfff9a732                Font8x8_char_133
                0xfff9a73c                Font8x8_char_134
                0xfff9a746                Font8x8_char_135
                0xfff9a750                Font8x8_char_136
                0xfff9a75a                Font8x8_char_137
                0xfff9a764                Font8x8_char_138
                0xfff9a76e                Font8x8_char_139
                0xfff9a778                Font8x8_char_140
                0xfff9a782                Font8x8_char_141
                0xfff9a78c                Font8x8_char_142
                0xfff9a796                Font8x8_char_143
                0xfff9a7a0                Font8x8_char_144
                0xfff9a7aa                Font8x8_char_145
                0xfff9a7b4                Font8x8_char_146
                0xfff9a7be                Font8x8_char_147
                0xfff9a7c8                Font8x8_char_148
                0xfff9a7d2                Font8x8_char_149
                0xfff9a7dc                Font8x8_char_150
                0xfff9a7e6                Font8x8_char_151
                0xfff9a7f0                Font8x8_char_152
                0xfff9a7fa                Font8x8_char_153
                0xfff9a804                Font8x8_char_154
                0xfff9a80e                Font8x8_char_155
                0xfff9a818                Font8x8_char_156
                0xfff9a822                Font8x8_char_157
                0xfff9a82c                Font8x8_char_158
                0xfff9a836                Font8x8_char_159
                0xfff9a840                Font8x8_char_160
                0xfff9a84a                Font8x8_char_161
                0xfff9a854                Font8x8_char_162
                0xfff9a85e                Font8x8_char_163
                0xfff9a868                Font8x8_char_164
                0xfff9a872                Font8x8_char_165
                0xfff9a87c                Font8x8_char_166
                0xfff9a886                Font8x8_char_167
                0xfff9a890                Font8x8_char_168
                0xfff9a89a                Font8x8_char_169
                0xfff9a8a4                Font8x8_char_170
                0xfff9a8ae                Font8x8_char_171
                0xfff9a8b8                Font8x8_char_172
                0xfff9a8c2                Font8x8_char_173
                0xfff9a8cc                Font8x8_char_174
                0xfff9a8d6                Font8x8_char_175
                0xfff9a8e0                Font8x8_char_176
                0xfff9a8ea                Font8x8_char_177
                0xfff9a8f4                Font8x8_char_178
                0xfff9a8fe                Font8x8_char_179
                0xfff9a908                Font8x8_char_180
                0xfff9a912                Font8x8_char_181
                0xfff9a91c                Font8x8_char_182
                0xfff9a926                Font8x8_char_183
                0xfff9a930                Font8x8_char_184
                0xfff9a93a                Font8x8_char_185
                0xfff9a944                Font8x8_char_186
                0xfff9a94e                Font8x8_char_187
                0xfff9a958                Font8x8_char_188
                0xfff9a962                Font8x8_char_189
                0xfff9a96c                Font8x8_char_190
                0xfff9a976                Font8x8_char_191
                0xfff9a980                Font8x8_char_192
                0xfff9a98a                Font8x8_char_193
                0xfff9a994                Font8x8_char_194
                0xfff9a99e                Font8x8_char_195
                0xfff9a9a8                Font8x8_char_196
                0xfff9a9b2                Font8x8_char_197
                0xfff9a9bc                Font8x8_char_198
                0xfff9a9c6                Font8x8_char_199
                0xfff9a9d0                Font8x8_char_200
                0xfff9a9da                Font8x8_char_201
                0xfff9a9e4                Font8x8_char_202
                0xfff9a9ee                Font8x8_char_203
                0xfff9a9f8                Font8x8_char_204
                0xfff9aa02                Font8x8_char_205
                0xfff9aa0c                Font8x8_char_206
                0xfff9aa16                Font8x8_char_207
                0xfff9aa20                Font8x8_char_208
                0xfff9aa2a                Font8x8_char_209
                0xfff9aa34                Font8x8_char_210
                0xfff9aa3e                Font8x8_char_211
                0xfff9aa48                Font8x8_char_212
                0xfff9aa52                Font8x8_char_213
                0xfff9aa5c                Font8x8_char_214
                0xfff9aa66                Font8x8_char_215
                0xfff9aa70                Font8x8_char_216
                0xfff9aa7a                Font8x8_char_217
                0xfff9aa84                Font8x8_char_218
                0xfff9aa8e                Font8x8_char_219
                0xfff9aa98                Font8x8_char_220
                0xfff9aaa2                Font8x8_char_221
                0xfff9aaac                Font8x8_char_222
                0xfff9aab6                Font8x8_char_223
                0xfff9aac0                Font8x8_char_224
                0xfff9aaca                Font8x8_char_225
                0xfff9aad4                Font8x8_char_226
                0xfff9aade                Font8x8_char_227
                0xfff9aae8                Font8x8_char_228
                0xfff9aaf2                Font8x8_char_229
                0xfff9aafc                Font8x8_char_230
                0xfff9ab06                Font8x8_char_231
                0xfff9ab10                Font8x8_char_232
                0xfff9ab1a                Font8x8_char_233
                0xfff9ab24                Font8x8_char_234
                0xfff9ab2e                Font8x8_char_235
                0xfff9ab38                Font8x8_char_236
                0xfff9ab42                Font8x8_char_237
                0xfff9ab4c                Font8x8_char_238
                0xfff9ab56                Font8x8_char_239
                0xfff9ab60                Font8x8_char_240
                0xfff9ab6a                Font8x8_char_241
                0xfff9ab74                Font8x8_char_242
                0xfff9ab7e                Font8x8_char_243
                0xfff9ab88                Font8x8_char_244
                0xfff9ab92                Font8x8_char_245
                0xfff9ab9c                Font8x8_char_246
                0xfff9aba6                Font8x8_char_247
                0xfff9abb0                Font8x8_char_248
                0xfff9abba                Font8x8_char_249
                0xfff9abc4                Font8x8_char_250
                0xfff9abce                Font8x8_char_251
                0xfff9abd8                Font8x8_char_252
                0xfff9abe2                Font8x8_char_253
                0xfff9abec                Font8x8_char_254
                0xfff9abf6                Font8x8_char_255
                0xfff9ac00                Font8x8_table
 C              0xfff9b000      0x83c ./src/fw/GLCD/font_bitmap.o
                0xfff9b000                Bitmaps_VolumeBar0
                0xfff9b032                Bitmaps_VolumeBar1
                0xfff9b064                Bitmaps_VolumeBar2
                0xfff9b096                Bitmaps_VolumeBar3
                0xfff9b0c8                Bitmaps_VolumeBar4
                0xfff9b0fa                Bitmaps_VolumeBar5
                0xfff9b12c                Bitmaps_VolumeBar6
                0xfff9b15e                Bitmaps_VolumeBar7
                0xfff9b190                Bitmaps_VolumeBar8
                0xfff9b1c2                Bitmaps_VolumeBar9
                0xfff9b1f4                Bitmaps_VolumeBar10
                0xfff9b226                Bitmaps_Bars0
                0xfff9b256                Bitmaps_Bars1
                0xfff9b286                Bitmaps_Bars2
                0xfff9b2b6                Bitmaps_Bars3
                0xfff9b2e6                Bitmaps_Bars4
                0xfff9b316                Bitmaps_Bars5
                0xfff9b346                Bitmaps_BatteryLow
                0xfff9b360                Bitmaps_BatteryHigh
                0xfff9b37a                Bitmaps_AC
                0xfff9b394                Bitmaps_Signal
                0xfff9b3b6                Bitmaps_Voice
                0xfff9b3d8                Bitmaps_Tone
                0xfff9b3fa                Bitmaps_NOAA
                0xfff9b43c                Bitmaps_table
 C              0xfff9b83c      0x8ec ./src/fw/GLCD/font_helvr10.o
                0xfff9b83c                FontHelvr10_char_32
                0xfff9b844                FontHelvr10_char_33
                0xfff9b84c                FontHelvr10_char_34
                0xfff9b856                FontHelvr10_char_35
                0xfff9b864                FontHelvr10_char_36
                0xfff9b872                FontHelvr10_char_37
                0xfff9b886                FontHelvr10_char_38
                0xfff9b898                FontHelvr10_char_39
                0xfff9b8a0                FontHelvr10_char_40
                0xfff9b8aa                FontHelvr10_char_41
                0xfff9b8b4                FontHelvr10_char_42
                0xfff9b8be                FontHelvr10_char_43
                0xfff9b8cc                FontHelvr10_char_44
                0xfff9b8d4                FontHelvr10_char_45
                0xfff9b8e4                FontHelvr10_char_46
                0xfff9b8ec                FontHelvr10_char_47
                0xfff9b8f4                FontHelvr10_char_48
                0xfff9b902                FontHelvr10_char_49
                0xfff9b910                FontHelvr10_char_50
                0xfff9b91e                FontHelvr10_char_51
                0xfff9b92c                FontHelvr10_char_52
                0xfff9b93a                FontHelvr10_char_53
                0xfff9b948                FontHelvr10_char_54
                0xfff9b956                FontHelvr10_char_55
                0xfff9b964                FontHelvr10_char_56
                0xfff9b972                FontHelvr10_char_57
                0xfff9b980                FontHelvr10_char_58
                0xfff9b988                FontHelvr10_char_59
                0xfff9b990                FontHelvr10_char_60
                0xfff9b99e                FontHelvr10_char_61
                0xfff9b9aa                FontHelvr10_char_62
                0xfff9b9b8                FontHelvr10_char_63
                0xfff9b9c6                FontHelvr10_char_64
                0xfff9b9de                FontHelvr10_char_65
                0xfff9b9ee                FontHelvr10_char_66
                0xfff9b9fe                FontHelvr10_char_67
                0xfff9ba10                FontHelvr10_char_68
                0xfff9ba22                FontHelvr10_char_69
                0xfff9ba32                FontHelvr10_char_70
                0xfff9ba40                FontHelvr10_char_71
                0xfff9ba52                FontHelvr10_char_72
                0xfff9ba64                FontHelvr10_char_73
                0xfff9ba6c                FontHelvr10_char_74
                0xfff9ba78                FontHelvr10_char_75
                0xfff9ba88                FontHelvr10_char_76
                0xfff9ba96                FontHelvr10_char_77
                0xfff9baaa                FontHelvr10_char_78
                0xfff9babc                FontHelvr10_char_79
                0xfff9bace                FontHelvr10_char_80
                0xfff9bade                FontHelvr10_char_81
                0xfff9baf0                FontHelvr10_char_82
                0xfff9bb00                FontHelvr10_char_83
                0xfff9bb10                FontHelvr10_char_84
                0xfff9bb1c                FontHelvr10_char_85
                0xfff9bb2e                FontHelvr10_char_86
                0xfff9bb3e                FontHelvr10_char_87
                0xfff9bb52                FontHelvr10_char_88
                0xfff9bb62                FontHelvr10_char_89
                0xfff9bb72                FontHelvr10_char_90
                0xfff9bb82                FontHelvr10_char_91
                0xfff9bb8a                FontHelvr10_char_92
                0xfff9bb92                FontHelvr10_char_93
                0xfff9bb9a                FontHelvr10_char_94
                0xfff9bba8                FontHelvr10_char_95
                0xfff9bbb6                FontHelvr10_char_96
                0xfff9bbbe                FontHelvr10_char_97
                0xfff9bbca                FontHelvr10_char_98
                0xfff9bbd8                FontHelvr10_char_99
                0xfff9bbe4                FontHelvr10_char_100
                0xfff9bbf2                FontHelvr10_char_101
                0xfff9bbfe                FontHelvr10_char_102
                0xfff9bc08                FontHelvr10_char_103
                0xfff9bc16                FontHelvr10_char_104
                0xfff9bc24                FontHelvr10_char_105
                0xfff9bc2a                FontHelvr10_char_106
                0xfff9bc30                FontHelvr10_char_107
                0xfff9bc3c                FontHelvr10_char_108
                0xfff9bc42                FontHelvr10_char_109
                0xfff9bc54                FontHelvr10_char_110
                0xfff9bc62                FontHelvr10_char_111
                0xfff9bc70                FontHelvr10_char_112
                0xfff9bc7e                FontHelvr10_char_113
                0xfff9bc8c                FontHelvr10_char_114
                0xfff9bc96                FontHelvr10_char_115
                0xfff9bca2                FontHelvr10_char_116
                0xfff9bcac                FontHelvr10_char_117
                0xfff9bcb8                FontHelvr10_char_118
                0xfff9bcc6                FontHelvr10_char_119
                0xfff9bcd8                FontHelvr10_char_120
                0xfff9bce6                FontHelvr10_char_121
                0xfff9bcf2                FontHelvr10_char_122
                0xfff9bcfe                FontHelvr10_char_123
                0xfff9bd06                FontHelvr10_char_124
                0xfff9bd0e                FontHelvr10_char_125
                0xfff9bd16                FontHelvr10_char_126
                0xfff9bd28                FontHelvr10_table
 C              0xfff9c128      0x8ec ./src/fw/GLCD/font_winfreesystem14x16.o
                0xfff9c128                FontWinFreeSystem14x16_char_32
                0xfff9c130                FontWinFreeSystem14x16_char_33
                0xfff9c138                FontWinFreeSystem14x16_char_34
                0xfff9c142                FontWinFreeSystem14x16_char_35
                0xfff9c150                FontWinFreeSystem14x16_char_36
                0xfff9c15e                FontWinFreeSystem14x16_char_37
                0xfff9c172                FontWinFreeSystem14x16_char_38
                0xfff9c184                FontWinFreeSystem14x16_char_39
                0xfff9c18c                FontWinFreeSystem14x16_char_40
                0xfff9c196                FontWinFreeSystem14x16_char_41
                0xfff9c1a0                FontWinFreeSystem14x16_char_42
                0xfff9c1aa                FontWinFreeSystem14x16_char_43
                0xfff9c1b8                FontWinFreeSystem14x16_char_44
                0xfff9c1c0                FontWinFreeSystem14x16_char_45
                0xfff9c1d0                FontWinFreeSystem14x16_char_46
                0xfff9c1d8                FontWinFreeSystem14x16_char_47
                0xfff9c1e0                FontWinFreeSystem14x16_char_48
                0xfff9c1ee                FontWinFreeSystem14x16_char_49
                0xfff9c1fc                FontWinFreeSystem14x16_char_50
                0xfff9c20a                FontWinFreeSystem14x16_char_51
                0xfff9c218                FontWinFreeSystem14x16_char_52
                0xfff9c226                FontWinFreeSystem14x16_char_53
                0xfff9c234                FontWinFreeSystem14x16_char_54
                0xfff9c242                FontWinFreeSystem14x16_char_55
                0xfff9c250                FontWinFreeSystem14x16_char_56
                0xfff9c25e                FontWinFreeSystem14x16_char_57
                0xfff9c26c                FontWinFreeSystem14x16_char_58
                0xfff9c274                FontWinFreeSystem14x16_char_59
                0xfff9c27c                FontWinFreeSystem14x16_char_60
                0xfff9c28a                FontWinFreeSystem14x16_char_61
                0xfff9c296                FontWinFreeSystem14x16_char_62
                0xfff9c2a4                FontWinFreeSystem14x16_char_63
                0xfff9c2b2                FontWinFreeSystem14x16_char_64
                0xfff9c2ca                FontWinFreeSystem14x16_char_65
                0xfff9c2da                FontWinFreeSystem14x16_char_66
                0xfff9c2ea                FontWinFreeSystem14x16_char_67
                0xfff9c2fc                FontWinFreeSystem14x16_char_68
                0xfff9c30e                FontWinFreeSystem14x16_char_69
                0xfff9c31e                FontWinFreeSystem14x16_char_70
                0xfff9c32c                FontWinFreeSystem14x16_char_71
                0xfff9c33e                FontWinFreeSystem14x16_char_72
                0xfff9c350                FontWinFreeSystem14x16_char_73
                0xfff9c358                FontWinFreeSystem14x16_char_74
                0xfff9c364                FontWinFreeSystem14x16_char_75
                0xfff9c374                FontWinFreeSystem14x16_char_76
                0xfff9c382                FontWinFreeSystem14x16_char_77
                0xfff9c396                FontWinFreeSystem14x16_char_78
                0xfff9c3a8                FontWinFreeSystem14x16_char_79
                0xfff9c3ba                FontWinFreeSystem14x16_char_80
                0xfff9c3ca                FontWinFreeSystem14x16_char_81
                0xfff9c3dc                FontWinFreeSystem14x16_char_82
                0xfff9c3ec                FontWinFreeSystem14x16_char_83
                0xfff9c3fc                FontWinFreeSystem14x16_char_84
                0xfff9c408                FontWinFreeSystem14x16_char_85
                0xfff9c41a                FontWinFreeSystem14x16_char_86
                0xfff9c42a                FontWinFreeSystem14x16_char_87
                0xfff9c43e                FontWinFreeSystem14x16_char_88
                0xfff9c44e                FontWinFreeSystem14x16_char_89
                0xfff9c45e                FontWinFreeSystem14x16_char_90
                0xfff9c46e                FontWinFreeSystem14x16_char_91
                0xfff9c476                FontWinFreeSystem14x16_char_92
                0xfff9c47e                FontWinFreeSystem14x16_char_93
                0xfff9c486                FontWinFreeSystem14x16_char_94
                0xfff9c494                FontWinFreeSystem14x16_char_95
                0xfff9c4a2                FontWinFreeSystem14x16_char_96
                0xfff9c4aa                FontWinFreeSystem14x16_char_97
                0xfff9c4b6                FontWinFreeSystem14x16_char_98
                0xfff9c4c4                FontWinFreeSystem14x16_char_99
                0xfff9c4d0                FontWinFreeSystem14x16_char_100
                0xfff9c4de                FontWinFreeSystem14x16_char_101
                0xfff9c4ea                FontWinFreeSystem14x16_char_102
                0xfff9c4f4                FontWinFreeSystem14x16_char_103
                0xfff9c502                FontWinFreeSystem14x16_char_104
                0xfff9c510                FontWinFreeSystem14x16_char_105
                0xfff9c516                FontWinFreeSystem14x16_char_106
                0xfff9c51c                FontWinFreeSystem14x16_char_107
                0xfff9c528                FontWinFreeSystem14x16_char_108
                0xfff9c52e                FontWinFreeSystem14x16_char_109
                0xfff9c540                FontWinFreeSystem14x16_char_110
                0xfff9c54e                FontWinFreeSystem14x16_char_111
                0xfff9c55c                FontWinFreeSystem14x16_char_112
                0xfff9c56a                FontWinFreeSystem14x16_char_113
                0xfff9c578                FontWinFreeSystem14x16_char_114
                0xfff9c582                FontWinFreeSystem14x16_char_115
                0xfff9c58e                FontWinFreeSystem14x16_char_116
                0xfff9c598                FontWinFreeSystem14x16_char_117
                0xfff9c5a4                FontWinFreeSystem14x16_char_118
                0xfff9c5b2                FontWinFreeSystem14x16_char_119
                0xfff9c5c4                FontWinFreeSystem14x16_char_120
                0xfff9c5d2                FontWinFreeSystem14x16_char_121
                0xfff9c5de                FontWinFreeSystem14x16_char_122
                0xfff9c5ea                FontWinFreeSystem14x16_char_123
                0xfff9c5f2                FontWinFreeSystem14x16_char_124
                0xfff9c5fa                FontWinFreeSystem14x16_char_125
                0xfff9c602                FontWinFreeSystem14x16_char_126
                0xfff9c614                FontWinFreeSystem14x16_table
 C              0xfff9ca14      0x77c ./src/fw/GLCD/font_x5x7.o
                0xfff9ca14                Fontx5x7_char_0
                0xfff9ca1b                Fontx5x7_char_1
                0xfff9ca22                Fontx5x7_char_2
                0xfff9ca29                Fontx5x7_char_3
                0xfff9ca30                Fontx5x7_char_4
                0xfff9ca37                Fontx5x7_char_5
                0xfff9ca3e                Fontx5x7_char_6
                0xfff9ca45                Fontx5x7_char_7
                0xfff9ca4c                Fontx5x7_char_8
                0xfff9ca53                Fontx5x7_char_9
                0xfff9ca5a                Fontx5x7_char_10
[...]
 .debug_aranges
                0x00000280       0x18 ./src/sw/FreeTCPIP/apps/httpd/http-strings.o
 .debug_aranges
                0x00000298       0x20 ./src/sw/FreeTCPIP/apps/httpd/httpd-fs.o
 .debug_aranges
                0x000002b8       0x20 ./src/sw/FreeTCPIP/apps/httpd/httpd.o
 .debug_aranges
                0x000002d8       0x20 ./src/sw/FreeRTOS/croutine.o
 .debug_aranges
                0x000002f8       0x20 ./src/sw/FreeRTOS/list.o
 .debug_aranges
                0x00000318       0x20 ./src/sw/FreeRTOS/queue.o
 .debug_aranges
                0x00000338       0x20 ./src/sw/FreeRTOS/tasks.o
 .debug_aranges
                0x00000358       0x20 ./src/sw/FreeRTOS/timers.o
 .debug_aranges
                0x00000378       0x20 ./src/sw/FreeRTOS/port/port.o
 .debug_aranges
                0x00000398       0x20 ./src/HighFrequencyTimerTest.o
 .debug_aranges
                0x000003b8       0x20 ./src/mainl.o
 .debug_aranges
                0x000003d8       0x20 ./src/fw/fw_setup.o
 .debug_aranges
                0x000003f8       0x20 ./src/fw/hwinit.o
 .debug_aranges
                0x00000418       0x20 ./src/fw/hwsetup.o
 .debug_aranges
                0x00000438       0x20 ./src/fw/inthandler.o
 .debug_aranges
                0x00000458       0x20 ./src/fw/start.o
 .debug_aranges
                0x00000478       0x18 ./src/fw/vects.o
 .debug_aranges
                0x00000490       0x20 ./src/fw/TMR/fw_tmr0.o
 .debug_aranges
                0x000004b0       0x20 ./src/fw/TMR/fw_tmr1.o
 .debug_aranges
                0x000004d0       0x20 ./src/fw/TMR/fw_tmr2.o
 .debug_aranges
                0x000004f0       0x20 ./src/fw/TMR/fw_tmr3.o
 .debug_aranges
                0x00000510       0x20 ./src/fw/SWINT/fw_swint.o
 .debug_aranges
                0x00000530       0x20 ./src/fw/SW/fw_sw.o
 .debug_aranges
                0x00000550       0x20 ./src/fw/SPI/fw_spi.o
 .debug_aranges
                0x00000570       0x20 ./src/fw/SCI/fw_sci2.o
 .debug_aranges
                0x00000590       0x20 ./src/fw/RTC/fw_rtc.o
 .debug_aranges
                0x000005b0       0x20 ./src/fw/LED/fw_led.o
 .debug_aranges
                0x000005d0       0x20 ./src/fw/IRQ/fw_irq10.o
 .debug_aranges
                0x000005f0       0x20 ./src/fw/IRQ/fw_irq15.o
 .debug_aranges
                0x00000610       0x20 ./src/fw/IRQ/fw_irq8.o
 .debug_aranges
                0x00000630       0x20 ./src/fw/IRQ/fw_irq9.o
 .debug_aranges
                0x00000650       0x18 ./src/fw/GLCD/font_8x16.o
 .debug_aranges
                0x00000668       0x18 ./src/fw/GLCD/font_8x8.o
 .debug_aranges
                0x00000680       0x18 ./src/fw/GLCD/font_bitmap.o
 .debug_aranges
                0x00000698       0x18 ./src/fw/GLCD/font_helvr10.o
 .debug_aranges
                0x000006b0       0x18 ./src/fw/GLCD/font_winfreesystem14x16.o
 .debug_aranges
                0x000006c8       0x18 ./src/fw/GLCD/font_x5x7.o
 .debug_aranges
                0x000006e0       0x18 ./src/fw/GLCD/font_x6x13.o
 .debug_aranges
                0x000006f8       0x20 ./src/fw/GLCD/fw_glcd.o
 .debug_aranges
                0x00000718       0x20 ./src/fw/ETH/fw_eth.o
 .debug_aranges
                0x00000738       0x20 ./src/fw/Clock/fw_clock.o
 .debug_aranges
                0x00000758       0x20 ./src/fw/CMT/cmt0.o
 .debug_aranges
                0x00000778       0x20 ./src/fw/AD/fw_ad.o

.debug_line     0x00000000     0x58d4
 .debug_line    0x00000000      0x365 ./src/sw/webserver/EMAC.o
 .debug_line    0x00000365      0x312 ./src/sw/webserver/httpd-cgi.o
 .debug_line    0x00000677      0x2e1 ./src/sw/webserver/phy.o
 .debug_line    0x00000958      0x172 ./src/sw/task/BlockQ.o
 .debug_line    0x00000aca      0x201 ./src/sw/task/GenQTest.o
 .debug_line    0x00000ccb      0x162 ./src/sw/task/PollQ.o
 .debug_line    0x00000e2d      0x181 ./src/sw/task/QPeek.o
 .debug_line    0x00000fae      0x1ee ./src/sw/task/blocktim.o
 .debug_line    0x0000119c      0x12c ./src/sw/task/flash.o
 .debug_line    0x000012c8      0x17a ./src/sw/task/flop.o
 .debug_line    0x00001442       0xe5 ./src/sw/task/integer.o
 .debug_line    0x00001527      0x1ad ./src/sw/task/recmutex.o
 .debug_line    0x000016d4      0x191 ./src/sw/task/semtest.o
 .debug_line    0x00001865      0x1d2 ./src/sw/task/sw_task_glcd.o
 .debug_line    0x00001a37      0x374 ./src/sw/task/uIP_Task.o
 .debug_line    0x00001dab      0x115 ./src/sw/MemMang/heap_2.o
 .debug_line    0x00001ec0      0x2c1 ./src/sw/FreeTCPIP/psock.o
 .debug_line    0x00002181      0x10d ./src/sw/FreeTCPIP/timer.o
 .debug_line    0x0000228e      0x693 ./src/sw/FreeTCPIP/uip.o
 .debug_line    0x00002921      0x24f ./src/sw/FreeTCPIP/uip_arp.o
 .debug_line    0x00002b70       0x4e ./src/sw/FreeTCPIP/apps/httpd/http-strings.o
 .debug_line    0x00002bbe      0x136 ./src/sw/FreeTCPIP/apps/httpd/httpd-fs.o
 .debug_line    0x00002cf4      0x3bd ./src/sw/FreeTCPIP/apps/httpd/httpd.o
 .debug_line    0x000030b1      0x1f9 ./src/sw/FreeRTOS/croutine.o
 .debug_line    0x000032aa      0x13b ./src/sw/FreeRTOS/list.o
 .debug_line    0x000033e5      0x46f ./src/sw/FreeRTOS/queue.o
 .debug_line    0x00003854      0x71c ./src/sw/FreeRTOS/tasks.o
 .debug_line    0x00003f70      0x25a ./src/sw/FreeRTOS/timers.o
 .debug_line    0x000041ca      0x134 ./src/sw/FreeRTOS/port/port.o
 .debug_line    0x000042fe       0xbd ./src/HighFrequencyTimerTest.o
 .debug_line    0x000043bb      0x224 ./src/mainl.o
 .debug_line    0x000045df       0x5f ./src/fw/fw_setup.o
 .debug_line    0x0000463e       0x45 ./src/fw/hwinit.o
 .debug_line    0x00004683       0x5e ./src/fw/hwsetup.o
 .debug_line    0x000046e1      0x141 ./src/fw/inthandler.o
 .debug_line    0x00004822       0x56 ./src/fw/start.o
 .debug_line    0x00004878       0x32 ./src/fw/vects.o
 .debug_line    0x000048aa       0xb7 ./src/fw/TMR/fw_tmr0.o
 .debug_line    0x00004961       0xb4 ./src/fw/TMR/fw_tmr1.o
 .debug_line    0x00004a15       0xb6 ./src/fw/TMR/fw_tmr2.o
 .debug_line    0x00004acb       0xb6 ./src/fw/TMR/fw_tmr3.o
 .debug_line    0x00004b81       0xa1 ./src/fw/SWINT/fw_swint.o
 .debug_line    0x00004c22       0x96 ./src/fw/SW/fw_sw.o
 .debug_line    0x00004cb8      0x10e ./src/fw/SPI/fw_spi.o
 .debug_line    0x00004dc6       0xcc ./src/fw/SCI/fw_sci2.o
 .debug_line    0x00004e92       0xa0 ./src/fw/RTC/fw_rtc.o
 .debug_line    0x00004f32       0xc5 ./src/fw/LED/fw_led.o
 .debug_line    0x00004ff7       0xa5 ./src/fw/IRQ/fw_irq10.o
 .debug_line    0x0000509c       0xa5 ./src/fw/IRQ/fw_irq15.o
 .debug_line    0x00005141       0xfd ./src/fw/IRQ/fw_irq8.o
 .debug_line    0x0000523e       0xa4 ./src/fw/IRQ/fw_irq9.o
 .debug_line    0x000052e2       0x3b ./src/fw/GLCD/font_8x16.o
 .debug_line    0x0000531d       0x3a ./src/fw/GLCD/font_8x8.o
 .debug_line    0x00005357       0x3d ./src/fw/GLCD/font_bitmap.o
 .debug_line    0x00005394       0x3e ./src/fw/GLCD/font_helvr10.o
 .debug_line    0x000053d2       0x49 ./src/fw/GLCD/font_winfreesystem14x16.o
 .debug_line    0x0000541b       0x3b ./src/fw/GLCD/font_x5x7.o
 .debug_line    0x00005456       0x3c ./src/fw/GLCD/font_x6x13.o
 .debug_line    0x00005492      0x10d ./src/fw/GLCD/fw_glcd.o
 .debug_line    0x0000559f       0xc7 ./src/fw/ETH/fw_eth.o
 .debug_line    0x00005666       0x76 ./src/fw/Clock/fw_clock.o
 .debug_line    0x000056dc       0xfb ./src/fw/CMT/cmt0.o
 .debug_line    0x000057d7       0xfd ./src/fw/AD/fw_ad.o

.debug_str      0x00000000     0xba12
 .debug_str     0x00000000     0x1dc2 ./src/sw/webserver/EMAC.o
                               0x1e24 (size before relaxing)
 .debug_str     0x00001dc2      0x352 ./src/sw/webserver/httpd-cgi.o
                                0x490 (size before relaxing)
 .debug_str     0x00002114       0xf6 ./src/sw/webserver/phy.o
                                0x303 (size before relaxing)
 .debug_str     0x0000220a      0x223 ./src/sw/task/BlockQ.o
                                0x316 (size before relaxing)
 .debug_str     0x0000242d      0x177 ./src/sw/task/GenQTest.o
                                0x270 (size before relaxing)
 .debug_str     0x000025a4       0xbc ./src/sw/task/PollQ.o
                                0x1da (size before relaxing)
 .debug_str     0x00002660       0xf2 ./src/sw/task/QPeek.o
                                0x214 (size before relaxing)
 .debug_str     0x00002752      0x138 ./src/sw/task/blocktim.o
                                0x238 (size before relaxing)
 .debug_str     0x0000288a       0x74 ./src/sw/task/flash.o
                                0x15e (size before relaxing)
 .debug_str     0x000028fe      0x117 ./src/sw/task/flop.o
                                0x200 (size before relaxing)
 .debug_str     0x00002a15       0x8b ./src/sw/task/integer.o
                                0x188 (size before relaxing)
 .debug_str     0x00002aa0      0x182 ./src/sw/task/recmutex.o
                                0x29d (size before relaxing)
 .debug_str     0x00002c22      0x14e ./src/sw/task/semtest.o
                                0x280 (size before relaxing)
 .debug_str     0x00002d70      0x1cb ./src/sw/task/sw_task_glcd.o
                                0x2e0 (size before relaxing)
 .debug_str     0x00002f3b      0x16d ./src/sw/task/uIP_Task.o
                                0x3f5 (size before relaxing)
 .debug_str     0x000030a8      0x176 ./src/sw/MemMang/heap_2.o
                                0x236 (size before relaxing)
 .debug_str     0x0000321e       0xe0 ./src/sw/FreeTCPIP/psock.o
                                0x309 (size before relaxing)
 .debug_str     0x000032fe       0x67 ./src/sw/FreeTCPIP/timer.o
                                0x146 (size before relaxing)
 .debug_str     0x00003365      0x2d1 ./src/sw/FreeTCPIP/uip.o
                                0x60e (size before relaxing)
 .debug_str     0x00003636       0xfd ./src/sw/FreeTCPIP/uip_arp.o
                                0x2a8 (size before relaxing)
 .debug_str     0x00003733      0x205 ./src/sw/FreeTCPIP/apps/httpd/http-strings.o
                                0x269 (size before relaxing)
 .debug_str     0x00003938      0x19c ./src/sw/FreeTCPIP/apps/httpd/httpd-fs.o
                                0x273 (size before relaxing)
 .debug_str     0x00003ad4       0xd5 ./src/sw/FreeTCPIP/apps/httpd/httpd.o
                                0x438 (size before relaxing)
 .debug_str     0x00003ba9      0x336 ./src/sw/FreeRTOS/croutine.o
                                0x415 (size before relaxing)
 .debug_str     0x00003edf       0xa3 ./src/sw/FreeRTOS/list.o
                                0x205 (size before relaxing)
 .debug_str     0x00003f82      0x3bb ./src/sw/FreeRTOS/queue.o
                                0x571 (size before relaxing)
 .debug_str     0x0000433d      0x860 ./src/sw/FreeRTOS/tasks.o
                                0xabb (size before relaxing)
 .debug_str     0x00004b9d      0x334 ./src/sw/FreeRTOS/timers.o
                                0x513 (size before relaxing)
 .debug_str     0x00004ed1      0x9aa ./src/sw/FreeRTOS/port/port.o
                               0x2016 (size before relaxing)
 .debug_str     0x0000587b       0xbd ./src/HighFrequencyTimerTest.o
                               0x19ec (size before relaxing)
 .debug_str     0x00005938      0x167 ./src/mainl.o
                               0x1b8f (size before relaxing)
 .debug_str     0x00005a9f       0x15 ./src/fw/fw_setup.o
                                 0xb5 (size before relaxing)
 .debug_str     0x00005ab4       0x21 ./src/fw/hwinit.o
                                 0xb8 (size before relaxing)
 .debug_str     0x00005ad5       0x4a ./src/fw/hwsetup.o
                                 0xf9 (size before relaxing)
 .debug_str     0x00005b1f      0x9f8 ./src/fw/inthandler.o
                                0xa4e (size before relaxing)
 .debug_str     0x00006517       0x35 ./src/fw/vects.o
                                 0xee (size before relaxing)
 .debug_str     0x0000654c       0xa7 ./src/fw/TMR/fw_tmr0.o
                                0x505 (size before relaxing)
 .debug_str     0x000065f3       0x6b ./src/fw/TMR/fw_tmr1.o
                                0x500 (size before relaxing)
 .debug_str     0x0000665e       0x63 ./src/fw/TMR/fw_tmr2.o
                                0x505 (size before relaxing)
 .debug_str     0x000066c1       0x63 ./src/fw/TMR/fw_tmr3.o
                                0x500 (size before relaxing)
 .debug_str     0x00006724       0x39 ./src/fw/SWINT/fw_swint.o
                               0x1f5d (size before relaxing)
 .debug_str     0x0000675d       0x29 ./src/fw/SW/fw_sw.o
                                 0xca (size before relaxing)
 .debug_str     0x00006786      0x494 ./src/fw/SPI/fw_spi.o
                                0x82d (size before relaxing)
 .debug_str     0x00006c1a       0xaa ./src/fw/SCI/fw_sci2.o
                               0x1a2e (size before relaxing)
 .debug_str     0x00006cc4       0x37 ./src/fw/RTC/fw_rtc.o
                                0x2e8 (size before relaxing)
 .debug_str     0x00006cfb       0x23 ./src/fw/LED/fw_led.o
                                 0xd6 (size before relaxing)
 .debug_str     0x00006d1e       0x37 ./src/fw/IRQ/fw_irq10.o
                                0x1d9 (size before relaxing)
 .debug_str     0x00006d55       0x37 ./src/fw/IRQ/fw_irq15.o
                                0x490 (size before relaxing)
 .debug_str     0x00006d8c       0x34 ./src/fw/IRQ/fw_irq8.o
                                0x216 (size before relaxing)
 .debug_str     0x00006dc0       0x34 ./src/fw/IRQ/fw_irq9.o
                                0x1d6 (size before relaxing)
 .debug_str     0x00006df4     0x11bc ./src/fw/GLCD/font_8x16.o
                               0x1229 (size before relaxing)
 .debug_str     0x00007fb0     0x10ba ./src/fw/GLCD/font_8x8.o
                               0x1127 (size before relaxing)
 .debug_str     0x0000906a      0x1ba ./src/fw/GLCD/font_bitmap.o
                                0x227 (size before relaxing)
 .debug_str     0x00009224      0x7b7 ./src/fw/GLCD/font_helvr10.o
                                0x824 (size before relaxing)
 .debug_str     0x000099db      0xbe2 ./src/fw/GLCD/font_winfreesystem14x16.o
                                0xc4f (size before relaxing)
 .debug_str     0x0000a5bd      0x8aa ./src/fw/GLCD/font_x5x7.o
                                0x917 (size before relaxing)
 .debug_str     0x0000ae67      0x92b ./src/fw/GLCD/font_x6x13.o
                                0x998 (size before relaxing)
 .debug_str     0x0000b792       0xfd ./src/fw/GLCD/fw_glcd.o
                                0x1d0 (size before relaxing)
 .debug_str     0x0000b88f       0x75 ./src/fw/ETH/fw_eth.o
                               0x116d (size before relaxing)
 .debug_str     0x0000b904       0x29 ./src/fw/Clock/fw_clock.o
                                0x39d (size before relaxing)
 .debug_str     0x0000b92d       0x31 ./src/fw/CMT/cmt0.o
                               0x2266 (size before relaxing)
 .debug_str     0x0000b95e       0xb4 ./src/fw/AD/fw_ad.o
                                0x560 (size before relaxing)

.comment        0x00000000       0x1c
 .comment       0x00000000       0x1c ./src/sw/webserver/EMAC.o
                                 0x1d (size before relaxing)
 .comment       0x00000000       0x1d ./src/sw/webserver/httpd-cgi.o
 .comment       0x00000000       0x1d ./src/sw/webserver/phy.o
 .comment       0x00000000       0x1d ./src/sw/task/BlockQ.o
 .comment       0x00000000       0x1d ./src/sw/task/GenQTest.o
 .comment       0x00000000       0x1d ./src/sw/task/PollQ.o
 .comment       0x00000000       0x1d ./src/sw/task/QPeek.o
 .comment       0x00000000       0x1d ./src/sw/task/blocktim.o
 .comment       0x00000000       0x1d ./src/sw/task/flash.o
 .comment       0x00000000       0x1d ./src/sw/task/flop.o
 .comment       0x00000000       0x1d ./src/sw/task/integer.o
 .comment       0x00000000       0x1d ./src/sw/task/recmutex.o
 .comment       0x00000000       0x1d ./src/sw/task/semtest.o
 .comment       0x00000000       0x1d ./src/sw/task/sw_task_glcd.o
 .comment       0x00000000       0x1d ./src/sw/task/uIP_Task.o
 .comment       0x00000000       0x1d ./src/sw/MemMang/heap_2.o
 .comment       0x00000000       0x1d ./src/sw/FreeTCPIP/psock.o
 .comment       0x00000000       0x1d ./src/sw/FreeTCPIP/timer.o
 .comment       0x00000000       0x1d ./src/sw/FreeTCPIP/uip.o
 .comment       0x00000000       0x1d ./src/sw/FreeTCPIP/uip_arp.o
 .comment       0x00000000       0x1d ./src/sw/FreeTCPIP/apps/httpd/http-strings.o
 .comment       0x00000000       0x1d ./src/sw/FreeTCPIP/apps/httpd/httpd-fs.o
 .comment       0x00000000       0x1d ./src/sw/FreeTCPIP/apps/httpd/httpd.o
 .comment       0x00000000       0x1d ./src/sw/FreeRTOS/croutine.o
 .comment       0x00000000       0x1d ./src/sw/FreeRTOS/list.o
 .comment       0x00000000       0x1d ./src/sw/FreeRTOS/queue.o
 .comment       0x00000000       0x1d ./src/sw/FreeRTOS/tasks.o
 .comment       0x00000000       0x1d ./src/sw/FreeRTOS/timers.o
 .comment       0x00000000       0x1d ./src/sw/FreeRTOS/port/port.o
 .comment       0x00000000       0x1d ./src/HighFrequencyTimerTest.o
 .comment       0x00000000       0x1d ./src/mainl.o
 .comment       0x00000000       0x1d ./src/fw/fw_setup.o
 .comment       0x00000000       0x1d ./src/fw/hwinit.o
 .comment       0x00000000       0x1d ./src/fw/hwsetup.o
 .comment       0x00000000       0x1d ./src/fw/inthandler.o
 .comment       0x00000000       0x1d ./src/fw/vects.o
 .comment       0x00000000       0x1d ./src/fw/TMR/fw_tmr0.o
 .comment       0x00000000       0x1d ./src/fw/TMR/fw_tmr1.o
 .comment       0x00000000       0x1d ./src/fw/TMR/fw_tmr2.o
 .comment       0x00000000       0x1d ./src/fw/TMR/fw_tmr3.o
 .comment       0x00000000       0x1d ./src/fw/SWINT/fw_swint.o
 .comment       0x00000000       0x1d ./src/fw/SW/fw_sw.o
 .comment       0x00000000       0x1d ./src/fw/SPI/fw_spi.o
 .comment       0x00000000       0x1d ./src/fw/SCI/fw_sci2.o
 .comment       0x00000000       0x1d ./src/fw/RTC/fw_rtc.o
 .comment       0x00000000       0x1d ./src/fw/LED/fw_led.o
 .comment       0x00000000       0x1d ./src/fw/IRQ/fw_irq10.o
 .comment       0x00000000       0x1d ./src/fw/IRQ/fw_irq15.o
 .comment       0x00000000       0x1d ./src/fw/IRQ/fw_irq8.o
 .comment       0x00000000       0x1d ./src/fw/IRQ/fw_irq9.o
 .comment       0x00000000       0x1d ./src/fw/GLCD/font_8x16.o
 .comment       0x00000000       0x1d ./src/fw/GLCD/font_8x8.o
 .comment       0x00000000       0x1d ./src/fw/GLCD/font_bitmap.o
 .comment       0x00000000       0x1d ./src/fw/GLCD/font_helvr10.o
 .comment       0x00000000       0x1d ./src/fw/GLCD/font_winfreesystem14x16.o
 .comment       0x00000000       0x1d ./src/fw/GLCD/font_x5x7.o
 .comment       0x00000000       0x1d ./src/fw/GLCD/font_x6x13.o
 .comment       0x00000000       0x1d ./src/fw/GLCD/fw_glcd.o
 .comment       0x00000000       0x1d ./src/fw/ETH/fw_eth.o
 .comment       0x00000000       0x1d ./src/fw/Clock/fw_clock.o
 .comment       0x00000000       0x1d ./src/fw/CMT/cmt0.o
 .comment       0x00000000       0x1d ./src/fw/AD/fw_ad.o
 .comment       0x00000000       0x1d libRenesasRX62N.a(memcmp.o)
 .comment       0x00000000       0x1d libRenesasRX62N.a(memcpy.o)
 .comment       0x00000000       0x1d libRenesasRX62N.a(memset.o)
 .comment       0x00000000       0x1d libRenesasRX62N.a(sprintf.o)
 .comment       0x00000000       0x1d libRenesasRX62N.a(strchr.o)
 .comment       0x00000000       0x1d libRenesasRX62N.a(strcpy.o)
 .comment       0x00000000       0x1d libRenesasRX62N.a(strlen.o)
 .comment       0x00000000       0x1d libRenesasRX62N.a(strncmp.o)
 .comment       0x00000000       0x1d libRenesasRX62N.a(strncpy.o)
 .comment       0x00000000       0x1d libRenesasRX62N.a(strrchr.o)
 .comment       0x00000000       0x1d libRenesasRX62N.a(strstr.o)
 .comment       0x00000000       0x1d libRenesasRX62N.a(frmwri.o)
