Archive member included because of file (symbol)

libRenesasRX62N.a(memcmp.o)   ./src/sw/FreeRTOS/tasks.o (memcmp)
libRenesasRX62N.a(memcpy.o)   ./src/sw/FreeTCPIP/psock.o (memcpy)
libRenesasRX62N.a(memset.o)   ./src/sw/FreeTCPIP/uip_arp.o (memset)
libRenesasRX62N.a(sprintf.o)  ./src/sw/webserver/httpd-cgi.o (sprintf)
libRenesasRX62N.a(strchr.o)   ./src/sw/webserver/httpd-cgi.o (strchr)
libRenesasRX62N.a(strcpy.o)   ./src/sw/FreeTCPIP/apps/httpd/httpd.o (strcpy)
libRenesasRX62N.a(strlen.o)   ./src/sw/webserver/httpd-cgi.o (strlen)
libRenesasRX62N.a(strncmp.o)  ./src/sw/webserver/httpd-cgi.o (strncmp)
libRenesasRX62N.a(strncpy.o)  ./src/sw/FreeTCPIP/apps/httpd/httpd.o (strncpy)
libRenesasRX62N.a(strrchr.o)  ./src/sw/FreeTCPIP/apps/httpd/httpd.o (strrchr)
libRenesasRX62N.a(strstr.o)   ./src/sw/task/uIP_Task.o (strstr)
libRenesasRX62N.a(frmwri.o)   libRenesasRX62N.a(sprintf.o) (_formatted_write)

Allocating common symbols
Common symbol       size              file

xMediumPriorityTask
                    0x4               ./src/sw/task/QPeek.o
auxData             0x18              ./src/main.o
uip_conn            0x4               ./src/sw/FreeTCPIP/uip.o
pcStatus            0x4               ./src/sw/webserver/httpd-cgi.o
uip_len             0x2               ./src/sw/FreeTCPIP/uip.o
uip_draddr          0x4               ./src/sw/FreeTCPIP/uip.o
fw_glcd_display     0x300             ./src/fw/GLCD/fw_glcd.o
uip_slen            0x2               ./src/sw/FreeTCPIP/uip.o
xHighestPriorityTask
                    0x4               ./src/sw/task/QPeek.o
uip_stat            0x38              ./src/sw/FreeTCPIP/uip.o
uip_listenports     0x50              ./src/sw/FreeTCPIP/uip.o
uip_flags           0x1               ./src/sw/FreeTCPIP/uip.o
uip_sappdata        0x4               ./src/sw/FreeTCPIP/uip.o
uip_conns           0x1fe0            ./src/sw/FreeTCPIP/uip.o
uip_appdata         0x4               ./src/sw/FreeTCPIP/uip.o
uip_hostaddr        0x4               ./src/sw/FreeTCPIP/uip.o
uip_netmask         0x4               ./src/sw/FreeTCPIP/uip.o
xHighPriorityTask   0x4               ./src/sw/task/QPeek.o
ulString            0x4               ./src/sw/webserver/httpd-cgi.o
uip_acc32           0x4               ./src/sw/FreeTCPIP/uip.o

Memory Configuration

Name             Origin             Length             Attributes
*default*        0x00000000         0xffffffff

Linker script and memory map


.fvectors       0xffffff80       0x80
 *(.fvectors)
 .fvectors      0xffffff80       0x80 ./src/fw/vects.o
                0xffffff80                HardwareVectors

.text           0xfff80000     0xec68
 *(.text)
 .text          0xfff80000       0x4f ./src/fw/start.o
                0xfff80000                start
 *(.text.*)
 *(P)
 *fill*         0xfff8004f        0x1 00
 P              0xfff80050      0x6ca ./src/sw/webserver/EMAC.o
                0xfff80050                vInitEmac
                0xfff8008c                vEMACWrite
                0xfff8018d                ulEMACRead
                0xfff80233                lEMACWaitForLink
                0xfff80690                vEMAC_ISR_Handler
 P              0xfff8071a      0x66e ./src/sw/webserver/httpd-cgi.o
                0xfff80741                httpd_cgi
 P              0xfff80d88      0x4c0 ./src/sw/webserver/phy.o
                0xfff80d88                phy_init
                0xfff80ddf                phy_set_100full
                0xfff80df0                phy_set_10half
                0xfff80dff                phy_set_autonegotiate
                0xfff80ed7                _phy_read
                0xfff80f09                _phy_write
                0xfff80f31                _phy_preamble
                0xfff80f57                _phy_reg_set
                0xfff80fcf                _phy_reg_read
                0xfff81092                _phy_reg_write
                0xfff810cf                _phy_ta_z0
                0xfff81147                _phy_ta_10
                0xfff81156                _phy_mii_write_1
                0xfff811cf                _phy_mii_write_0
 P              0xfff81248      0x334 ./src/sw/task/BlockQ.o
                0xfff81248                vStartBlockingQueueTasks
                0xfff814de                xAreBlockingQueuesStillRunning
 P              0xfff8157c      0x620 ./src/sw/task/GenQTest.o
                0xfff8157c                vStartGenericQueueTasks
                0xfff81b2b                xAreGenericQueueTasksStillRunning
 P              0xfff81b9c      0x440 ./src/sw/task/QPeek.o
                0xfff81b9c                vStartQueuePeekTasks
                0xfff81f97                xAreQueuePeekTasksStillRunning
 P              0xfff81fdc      0x592 ./src/sw/task/blocktim.o
                0xfff81fdc                vCreateBlockTimeTasks
                0xfff82501                xAreBlockTimeTestTasksStillRunning
 P              0xfff8256e       0xaa ./src/sw/task/flash.o
                0xfff8256e                vStartLEDFlashTasks
 P              0xfff82618       0xfc ./src/sw/task/integer.o
                0xfff82618                vStartIntegerMathTasks
                0xfff826ce                xAreIntegerMathsTaskStillRunning
 P              0xfff82714      0x38a ./src/sw/task/recmutex.o
                0xfff82714                vStartRecursiveMutexTasks
                0xfff829ed                xAreRecursiveMutexTasksStillRunning
 P              0xfff82a9e      0x3f6 ./src/sw/task/uIP_Task.o
                0xfff82a9e                clock_time
                0xfff82ab1                vuIP_Task
                0xfff82dfd                vApplicationProcessFormInput
 P              0xfff82e94       0xfc ./src/sw/task/IIC/sw_task_iic.o
                0xfff82e94                sw_task_iic
 P              0xfff82f90      0x7cc ./src/sw/task/GLCD/sw_task_glcd.o
                0xfff82f90                sw_task_glcd
                0xfff83006                sw_mont_glcd_screen_0
                0xfff83289                sw_mont_glcd_screen_1
                0xfff836f7                sw_mont_glcd_screen_2
 P              0xfff8375c      0x262 ./src/sw/MemMang/heap_2.o
                0xfff8375c                pvPortMalloc
                0xfff838c6                vPortFree
                0xfff8394d                xPortGetFreeHeapSize
                0xfff83962                vPortInitialiseBlocks
 P              0xfff839be      0x60a ./src/sw/FreeTCPIP/psock.o
                0xfff83c9f                psock_send
                0xfff83d1d                psock_generator_send
                0xfff83dbb                psock_datalen
                0xfff83dda                psock_newdata
                0xfff83e27                psock_readto
                0xfff83edb                psock_readbuf
                0xfff83f8f                psock_init
 P              0xfff83fc8       0x99 ./src/sw/FreeTCPIP/timer.o
                0xfff83fc8                timer_set
                0xfff83fe8                timer_reset
                0xfff84003                timer_restart
                0xfff84019                timer_expired
                0xfff8403f                timer_remaining
 *fill*         0xfff84061        0x1 00
 P              0xfff84062     0x2230 ./src/sw/FreeTCPIP/uip.o
                0xfff84062                uip_setipid
                0xfff84078                uip_add32
                0xfff84234                uip_chksum
                0xfff8425f                uip_ipchksum
                0xfff84327                uip_tcpchksum
                0xfff8433d                uip_udpchksum
                0xfff84354                uip_init
                0xfff843f4                uip_connect
                0xfff845a1                uip_unlisten
                0xfff8460f                uip_listen
                0xfff846e8                uip_process
                0xfff861cb                htons
                0xfff861e7                htonl
                0xfff86222                uip_send
 P              0xfff86292      0x8dc ./src/sw/FreeTCPIP/uip_arp.o
                0xfff86292                uip_arp_init
                0xfff862e3                uip_arp_timer
                0xfff865b5                uip_arp_arpin
                0xfff867ed                uip_arp_out
 P              0xfff86b6e        0x0 ./src/sw/FreeTCPIP/apps/httpd/http-strings.o
 P              0xfff86b6e      0x162 ./src/sw/FreeTCPIP/apps/httpd/httpd-fs.o
                0xfff86bd7                httpd_fs_open
                0xfff86c53                httpd_fs_init
                0xfff86c7b                httpd_fs_count
 P              0xfff86cd0      0xa94 ./src/sw/FreeTCPIP/apps/httpd/httpd.o
                0xfff87669                httpd_appcall
                0xfff87755                httpd_init
 P              0xfff87764      0x4ae ./src/sw/FreeRTOS/croutine.o
                0xfff87764                xCoRoutineCreate
                0xfff87849                vCoRoutineAddToDelayedList
                0xfff87a94                vCoRoutineSchedule
                0xfff87bbb                xCoRoutineRemoveFromEventList
 P              0xfff87c12      0x190 ./src/sw/FreeRTOS/list.o
                0xfff87c12                vListInitialise
                0xfff87c47                vListInitialiseItem
                0xfff87c5f                vListInsertEnd
                0xfff87cbe                vListInsert
                0xfff87d40                uxListRemove
 P              0xfff87da2      0xaf6 ./src/sw/FreeRTOS/queue.o
                0xfff87da2                xQueueGenericReset
                0xfff87e5f                xQueueGenericCreate
                0xfff87ee9                xQueueCreateMutex
                0xfff87f71                xQueueGiveMutexRecursive
                0xfff87fd1                xQueueTakeMutexRecursive
                0xfff8803d                xQueueGenericSend
                0xfff88193                xQueueGenericSendFromISR
                0xfff8824f                xQueueGenericReceive
                0xfff88425                xQueueReceiveFromISR
                0xfff884e5                uxQueueMessagesWaiting
                0xfff88517                uxQueueMessagesWaitingFromISR
                0xfff88541                vQueueDelete
                0xfff88573                ucQueueGetQueueNumber
                0xfff8858e                vQueueSetQueueNumber
                0xfff885a4                ucQueueGetQueueType
                0xfff887ab                xQueueIsQueueEmptyFromISR
                0xfff8880b                xQueueIsQueueFullFromISR
                0xfff8883d                vQueueWaitForMessageRestricted
 P              0xfff88898     0x18d8 ./src/sw/FreeRTOS/tasks.o
                0xfff88898                xTaskGenericCreate
                0xfff88a69                vTaskDelete
                0xfff88b19                vTaskDelayUntil
                0xfff88be1                vTaskDelay
                0xfff88c3f                uxTaskPriorityGet
                0xfff88c7a                vTaskPrioritySet
                0xfff88dad                vTaskSuspend
                0xfff88e5b                xTaskIsTaskSuspended
                0xfff88ead                vTaskResume
                0xfff88f57                xTaskResumeFromISR
                0xfff89019                vTaskStartScheduler
                0xfff89086                vTaskEndScheduler
                0xfff890a1                vTaskSuspendAll
                0xfff890bb                xTaskResumeAll
                0xfff891eb                xTaskGetTickCount
                0xfff89211                xTaskGetTickCountFromISR
                0xfff89240                uxTaskGetNumberOfTasks
                0xfff89255                vTaskList
                0xfff89339                vTaskGetRunTimeStats
                0xfff89443                vTaskIncrementTick
                0xfff895d9                vTaskSwitchContext
                0xfff89739                vTaskPlaceOnEventList
                0xfff897af                vTaskPlaceOnEventListRestricted
                0xfff89805                xTaskRemoveFromEventList
                0xfff898bd                vTaskSetTimeOutState
                0xfff898ec                xTaskCheckForTimeOut
                0xfff89997                vTaskMissedYield
                0xfff899ab                uxTaskGetTaskNumber
                0xfff899db                vTaskSetTaskNumber
                0xfff89f0c                uxTaskGetStackHighWaterMark
                0xfff89f70                xTaskGetCurrentTaskHandle
                0xfff89f8e                xTaskGetSchedulerState
                0xfff89fc5                vTaskPriorityInherit
                0xfff8a085                vTaskPriorityDisinherit
                0xfff8a105                vTaskEnterCritical
                0xfff8a12b                vTaskExitCritical
 P              0xfff8a170      0x61c ./src/sw/FreeRTOS/timers.o
                0xfff8a170                xTimerCreateTimerTask
                0xfff8a1c6                xTimerCreate
                0xfff8a239                xTimerGenericCommand
                0xfff8a73b                xTimerIsTimerActive
                0xfff8a76e                pvTimerGetTimerID
 P              0xfff8a78c      0x17e ./src/sw/FreeRTOS/port/port.o
                0xfff8a78c                pxPortInitialiseStack
                0xfff8a7f5                xPortStartScheduler
                0xfff8a841                vPortEndScheduler
                0xfff8a869                vSoftwareInterruptISR
                0xfff8a8c9                vTickISR
                0xfff8a8eb                ulPortGetIPL
                0xfff8a8f5                vPortSetIPL
 P              0xfff8a90a      0x11e ./src/HighFrequencyTimerTest.o
                0xfff8a90a                vSetupHighFrequencyTimer
                0xfff8a990                vTimer2_ISR_Handler
 P              0xfff8aa28      0x44c ./src/main.o
                0xfff8aa28                main
                0xfff8ac7c                vApplicationSetupTimerInterrupt
                0xfff8acdd                vApplicationMallocFailedHook
                0xfff8ace4                vApplicationStackOverflowHook
                0xfff8acf2                vApplicationIdleHook
                0xfff8ad3f                pcGetTaskStatusMessage
 P              0xfff8ae74       0xca ./src/fw/fw_setup.o
                0xfff8ae74                fw_setup
 P              0xfff8af3e       0x44 ./src/fw/hwsetup.o
                0xfff8af3e                HardwareSetup
 P              0xfff8af82      0x3f0 ./src/fw/inthandler.o
                0xfff8af82                INT_Excep_SuperVisorInst
                0xfff8af8a                INT_Excep_UndefinedInst
                0xfff8af93                INT_Excep_FloatingPoint
                0xfff8af9b                INT_NonMaskableInterrupt
                0xfff8afa3                Dummy
                0xfff8afab                INT_Excep_BRK
                0xfff8afb3                INT_Excep_BUSERR
                0xfff8afbb                INT_Excep_FCU_FCUERR
                0xfff8afc3                INT_Excep_FCU_FRDYI
                0xfff8afcb                INT_Excep_CMTU0_CMT0
                0xfff8afd3                INT_Excep_CMTU0_CMT1
                0xfff8afdb                INT_Excep_CMTU1_CMT2
                0xfff8afe3                INT_Excep_CMTU1_CMT3
                0xfff8afeb                INT_Excep_IRQ0
                0xfff8aff3                INT_Excep_IRQ1
                0xfff8affb                INT_Excep_IRQ2
                0xfff8b003                INT_Excep_IRQ3
                0xfff8b00b                INT_Excep_IRQ4
                0xfff8b013                INT_Excep_IRQ5
                0xfff8b01b                INT_Excep_IRQ6
                0xfff8b023                INT_Excep_IRQ7
                0xfff8b02b                INT_Excep_IRQ8
                0xfff8b033                INT_Excep_IRQ9
                0xfff8b03b                INT_Excep_IRQ10
                0xfff8b043                INT_Excep_IRQ11
                0xfff8b04b                INT_Excep_IRQ12
                0xfff8b053                INT_Excep_IRQ13
                0xfff8b05b                INT_Excep_IRQ14
                0xfff8b063                INT_Excep_IRQ15
                0xfff8b06b                INT_Excep_WDT_WOVI
                0xfff8b073                INT_Excep_AD0_ADI0
                0xfff8b07b                INT_Excep_AD1_ADI1
                0xfff8b083                INT_Excep_AD2_ADI2
                0xfff8b08b                INT_Excep_AD3_ADI3
                0xfff8b093                INT_Excep_TPU0_TGI0A
                0xfff8b09b                INT_Excep_TPU0_TGI0B
                0xfff8b0a3                INT_Excep_TPU0_TGI0C
                0xfff8b0ab                INT_Excep_TPU0_TGI0D
                0xfff8b0b3                INT_Excep_TPU0_TCI0V
                0xfff8b0bb                INT_Excep_TPU1_TGI1A
                0xfff8b0c3                INT_Excep_TPU1_TGI1B
                0xfff8b0cb                INT_Excep_TPU1_TCI1V
                0xfff8b0d3                INT_Excep_TPU1_TCI1U
                0xfff8b0db                INT_Excep_TPU2_TGI2A
                0xfff8b0e3                INT_Excep_TPU2_TGI2B
                0xfff8b0eb                INT_Excep_TPU2_TCI2V
                0xfff8b0f3                INT_Excep_TPU2_TCI2U
                0xfff8b0fb                INT_Excep_TPU3_TGI3A
                0xfff8b103                INT_Excep_TPU3_TGI3B
                0xfff8b10b                INT_Excep_TPU3_TGI3C
                0xfff8b113                INT_Excep_TPU3_TGI3D
                0xfff8b11b                INT_Excep_TPU3_TCI3V
                0xfff8b123                INT_Excep_TPU4_TGI4A
                0xfff8b12b                INT_Excep_TPU4_TGI4B
                0xfff8b133                INT_Excep_TPU4_TCI4V
                0xfff8b13b                INT_Excep_TPU4_TCI4U
                0xfff8b143                INT_Excep_TPU5_TGI5A
                0xfff8b14b                INT_Excep_TPU5_TGI5B
                0xfff8b153                INT_Excep_TPU5_TCI5V
                0xfff8b15b                INT_Excep_TPU5_TCI5U
                0xfff8b163                INT_Excep_TPU6_TGI6A
                0xfff8b16b                INT_Excep_TPU6_TGI6B
                0xfff8b173                INT_Excep_TPU6_TGI6C
                0xfff8b17b                INT_Excep_TPU6_TGI6D
                0xfff8b183                INT_Excep_TPU6_TCI6V
                0xfff8b18b                INT_Excep_TPU7_TGI7A
                0xfff8b193                INT_Excep_TPU7_TGI7B
                0xfff8b19b                INT_Excep_TPU7_TCI7V
                0xfff8b1a3                INT_Excep_TPU7_TCI7U
                0xfff8b1ab                INT_Excep_TPU8_TGI8A
                0xfff8b1b3                INT_Excep_TPU8_TGI8B
                0xfff8b1bb                INT_Excep_TPU8_TCI8V
                0xfff8b1c3                INT_Excep_TPU8_TCI8U
                0xfff8b1cb                INT_Excep_TPU9_TGI9A
                0xfff8b1d3                INT_Excep_TPU9_TGI9B
                0xfff8b1db                INT_Excep_TPU9_TGI9C
                0xfff8b1e3                INT_Excep_TPU9_TGI9D
                0xfff8b1eb                INT_Excep_TPU9_TCI9V
                0xfff8b1f3                INT_Excep_TPU10_TGI10A
                0xfff8b1fb                INT_Excep_TPU10_TGI10B
                0xfff8b203                INT_Excep_TPU10_TCI10V
                0xfff8b20b                INT_Excep_TPU10_TCI10U
                0xfff8b213                INT_Excep_TPU11_TGI11A
                0xfff8b21b                INT_Excep_TPU11_TGI11B
                0xfff8b223                INT_Excep_TPU11_TCI11V
                0xfff8b22b                INT_Excep_TPU11_TCI11U
                0xfff8b233                INT_Excep_DMAC_DMTEND0
                0xfff8b23a                INT_Excep_DMAC_DMTEND1
                0xfff8b242                INT_Excep_DMAC_DMTEND2
                0xfff8b24a                INT_Excep_DMAC_DMTEND3
                0xfff8b252                INT_Excep_SCI0_ERI0
                0xfff8b25a                INT_Excep_SCI0_RXI0
                0xfff8b262                INT_Excep_SCI0_TXI0
                0xfff8b26a                INT_Excep_SCI0_TEI0
                0xfff8b272                INT_Excep_SCI1_ERI1
                0xfff8b27a                INT_Excep_SCI1_RXI1
                0xfff8b282                INT_Excep_SCI1_TXI1
                0xfff8b28a                INT_Excep_SCI1_TEI1
                0xfff8b292                INT_Excep_SCI2_ERI2
                0xfff8b29a                INT_Excep_SCI2_RXI2
                0xfff8b2a2                INT_Excep_SCI2_TXI2
                0xfff8b2aa                INT_Excep_SCI2_TEI2
                0xfff8b2b2                INT_Excep_SCI3_ERI3
                0xfff8b2ba                INT_Excep_SCI3_RXI3
                0xfff8b2c2                INT_Excep_SCI3_TXI3
                0xfff8b2ca                INT_Excep_SCI3_TEI3
                0xfff8b2d2                INT_Excep_SCI4_ERI4
                0xfff8b2da                INT_Excep_SCI4_RXI4
                0xfff8b2e2                INT_Excep_SCI4_TXI4
                0xfff8b2ea                INT_Excep_SCI4_TEI4
                0xfff8b2f2                INT_Excep_SCI5_ERI5
                0xfff8b2fa                INT_Excep_SCI5_RXI5
                0xfff8b302                INT_Excep_SCI5_TXI5
                0xfff8b30a                INT_Excep_SCI5_TEI5
                0xfff8b312                INT_Excep_SCI6_ERI6
                0xfff8b31a                INT_Excep_SCI6_RXI6
                0xfff8b322                INT_Excep_SCI6_TXI6
                0xfff8b32a                INT_Excep_SCI6_TEI6
                0xfff8b332                INT_Excep_RIIC0_EEI0
                0xfff8b33a                INT_Excep_RIIC0_RXI0
                0xfff8b342                INT_Excep_RIIC0_TXI0
                0xfff8b34a                INT_Excep_RIIC0_TEI0
                0xfff8b352                INT_Excep_RIIC1_EEI1
                0xfff8b35a                INT_Excep_RIIC1_RXI1
                0xfff8b362                INT_Excep_RIIC1_TXI1
                0xfff8b36a                INT_Excep_RIIC1_TEI1
 P              0xfff8b372        0x0 ./src/fw/start.o
 P              0xfff8b372        0x0 ./src/fw/vects.o
 P              0xfff8b372      0x184 ./src/fw/TMR/fw_tmr0.o
                0xfff8b372                fw_tmr0_init
                0xfff8b4b7                fw_tmr0_handle_CMI0A
                0xfff8b4cc                fw_tmr0_handle_CMI0B
                0xfff8b4e1                fw_tmr0_handle_OV0I
 P              0xfff8b4f6      0x15b ./src/fw/TMR/fw_tmr1.o
                0xfff8b4f6                fw_tmr1_init
                0xfff8b612                fw_tmr1_handle_CMI1A
                0xfff8b627                fw_tmr1_handle_CMI1B
                0xfff8b63c                fw_tmr1_handle_OV1I
 P              0xfff8b651      0x177 ./src/fw/TMR/fw_tmr2.o
                0xfff8b651                fw_tmr2_init
                0xfff8b789                fw_tmr2_handle_CMI2A
                0xfff8b79e                fw_tmr2_handle_CMI2B
                0xfff8b7b3                fw_tmr2_handle_OV2I
 P              0xfff8b7c8      0x177 ./src/fw/TMR/fw_tmr3.o
                0xfff8b7c8                fw_tmr3_init
                0xfff8b900                fw_tmr3_handle_CMI3A
                0xfff8b915                fw_tmr3_handle_CMI3B
                0xfff8b92a                fw_tmr3_handle_OV3I
 P              0xfff8b93f       0x4e ./src/fw/SWINT/fw_swint.o
                0xfff8b93f                fw_swint_init
                0xfff8b974                fw_swint_handle
 P              0xfff8b98d       0x28 ./src/fw/SW/fw_sw.o
                0xfff8b98d                fw_sw_init
 *fill*         0xfff8b9b5        0x1 00
 P              0xfff8b9b6      0x3f2 ./src/fw/SPI/fw_spi.o
                0xfff8b9b6                fw_spi_init
                0xfff8bd52                fw_spi_send_short
 P              0xfff8bda8      0x170 ./src/fw/SCI/fw_sci2.o
                0xfff8bda8                fw_sci2_init
                0xfff8be6b                transmit_data
                0xfff8bea2                transmit_text
                0xfff8bedd                receive_data
 P              0xfff8bf18       0x76 ./src/fw/RTC/fw_rtc.o
                0xfff8bf18                fw_rtc_init
                0xfff8bf81                fw_rtc_get_datetime
 P              0xfff8bf8e      0x25f ./src/fw/LED/fw_led.o
                0xfff8bf8e                fw_led_init
 P              0xfff8c1ed       0xa9 ./src/fw/IRQ/fw_irq10.o
                0xfff8c1ed                fw_irq10_init
                0xfff8c258                fw_irq10_handle
 P              0xfff8c296       0x8d ./src/fw/IRQ/fw_irq15.o
                0xfff8c296                fw_irq15_init
                0xfff8c30e                fw_irq15_handle
 *fill*         0xfff8c323        0x1 00
 P              0xfff8c324       0xd6 ./src/fw/IRQ/fw_irq8.o
                0xfff8c324                fw_irq8_init
                0xfff8c38f                fw_irq8_handle
 P              0xfff8c3fa       0xa7 ./src/fw/IRQ/fw_irq9.o
                0xfff8c3fa                fw_irq9_init
                0xfff8c465                fw_irq9_handle
 *fill*         0xfff8c4a1        0x1 00
 P              0xfff8c4a2      0x6f0 ./src/fw/IIC/fw_iic.o
                0xfff8c4a2                fw_iic_init
                0xfff8c5b7                fw_iic_uninit
                0xfff8c5cb                fw_iic_send_start
                0xfff8c63b                fw_iic_send_stop
                0xfff8c67b                fw_iic_send_byte
                0xfff8c78b                fw_iic_write_byte
                0xfff8c845                fw_iic_read_byte
                0xfff8c92d                fw_iic_read_int
                0xfff8ca5f                fw_iic_read_int_inv
 P              0xfff8cb92        0x0 ./src/fw/GLCD/font_8x16.o
 P              0xfff8cb92        0x0 ./src/fw/GLCD/font_8x8.o
 P              0xfff8cb92        0x0 ./src/fw/GLCD/font_bitmap.o
 P              0xfff8cb92        0x0 ./src/fw/GLCD/font_helvr10.o
 P              0xfff8cb92        0x0 ./src/fw/GLCD/font_winfreesystem14x16.o
 P              0xfff8cb92        0x0 ./src/fw/GLCD/font_x5x7.o
 P              0xfff8cb92        0x0 ./src/fw/GLCD/font_x6x13.o
 P              0xfff8cb92      0x37c ./src/fw/GLCD/fw_glcd.o
                0xfff8cb92                fw_glcd_init
                0xfff8cc23                fw_glcd_send_command
                0xfff8cc63                fw_glcd_send_data
                0xfff8cca3                fw_glcd_refresh
                0xfff8ccf5                fw_glcd_set_xy
                0xfff8cd35                fw_glcd_clean
                0xfff8cd8b                fw_glcd_input
                0xfff8ce69                fw_glcd_next_line
                0xfff8cea5                fw_glcd_line
                0xfff8cec1                fw_glcd_colun
                0xfff8cedf                fw_glcd_text
 P              0xfff8cf0e      0x1ee ./src/fw/ETH/fw_eth.o
                0xfff8cf0e                fw_eth_init
                0xfff8d08e                fw_eth_handle
                0xfff8d0a3                fw_eth_setMAC
 P              0xfff8d0fc       0x6b ./src/fw/Clock/fw_clock.o
                0xfff8d0fc                fw_clock_init
 P              0xfff8d167       0x76 ./src/fw/CMT/cmt0.o
                0xfff8d167                fw_cmt0_init
                0xfff8d1c8                fw_cmt0_handle
 P              0xfff8d1dd      0x140 ./src/fw/AD/fw_ad.o
                0xfff8d1dd                fw_ad_init
                0xfff8d2f5                fw_ad_handle
 *fill*         0xfff8d31d        0x3 00
 P              0xfff8d320      0x148 libRenesasRX62N.a(memcmp.o)
                0xfff8d320                memcmp
 P              0xfff8d468      0x1a8 libRenesasRX62N.a(memcpy.o)
                0xfff8d468                memcpy
 P              0xfff8d610      0x200 libRenesasRX62N.a(memset.o)
                0xfff8d610                memset
 P              0xfff8d810       0x26 libRenesasRX62N.a(sprintf.o)
                0xfff8d818                sprintf
 *fill*         0xfff8d836        0x2 00
 P              0xfff8d838       0x18 libRenesasRX62N.a(strchr.o)
                0xfff8d838                strchr
 P              0xfff8d850       0x10 libRenesasRX62N.a(strcpy.o)
                0xfff8d850                strcpy
 P              0xfff8d860       0x20 libRenesasRX62N.a(strlen.o)
                0xfff8d860                strlen
 P              0xfff8d880       0xd0 libRenesasRX62N.a(strncmp.o)
                0xfff8d880                strncmp
 P              0xfff8d950      0x320 libRenesasRX62N.a(strncpy.o)
                0xfff8d950                strncpy
 P              0xfff8dc70       0x30 libRenesasRX62N.a(strrchr.o)
                0xfff8dc70                strrchr
 P              0xfff8dca0       0x48 libRenesasRX62N.a(strstr.o)
                0xfff8dca0                strstr
 P              0xfff8dce8      0xf80 libRenesasRX62N.a(frmwri.o)
                0xfff8dce8                _formatted_write
                0xfff8ec68                etext = .

.rvectors       0xfff8ec68      0x400
                0xfff8ec68                _rvectors_start = .
 *(.rvectors)
 .rvectors      0xfff8ec68      0x400 ./src/fw/vects.o
                0xfff8ec68                RelocatableVectors
                0xfff8f068                _rvectors_end = .

.init
 *(.init)

.fini
 *(.fini)

.got
 *(.got)
 *(.got.plt)

.rodata         0xfff8f068     0xf0e4
 *(.rodata)
 *(.rodata.*)
 .rodata.str1.1
                0xfff8f068       0x35 libRenesasRX62N.a(frmwri.o)
 *(C_1)
 *(C_2)
 *(C)
 *fill*         0xfff8f09d        0x3 00
 C              0xfff8f0a0      0x21c ./src/sw/webserver/httpd-cgi.o
 C              0xfff8f2bc       0x30 ./src/sw/task/BlockQ.o
 C              0xfff8f2ec       0x18 ./src/sw/task/GenQTest.o
 C              0xfff8f304       0x1c ./src/sw/task/QPeek.o
 C              0xfff8f320       0x10 ./src/sw/task/blocktim.o
 C              0xfff8f330        0x8 ./src/sw/task/flash.o
 C              0xfff8f338        0x8 ./src/sw/task/integer.o
 C              0xfff8f340       0x10 ./src/sw/task/recmutex.o
 C              0xfff8f350       0x30 ./src/sw/task/uIP_Task.o
 C              0xfff8f380       0x30 ./src/sw/task/GLCD/sw_task_glcd.o
 C              0xfff8f3b0        0x4 ./src/sw/MemMang/heap_2.o
 C              0xfff8f3b4       0x50 ./src/sw/FreeTCPIP/uip.o
                0xfff8f3b4                uip_broadcast_addr
                0xfff8f3b8                uip_all_zeroes_addr
 C              0xfff8f404        0x8 ./src/sw/FreeTCPIP/uip_arp.o
 C              0xfff8f40c      0x24c ./src/sw/FreeTCPIP/apps/httpd/http-strings.o
                0xfff8f40c                http_http
                0xfff8f414                http_200
                0xfff8f419                http_301
                0xfff8f41e                http_302
                0xfff8f423                http_get
                0xfff8f428                http_10
                0xfff8f431                http_11
                0xfff8f43a                http_content_type
                0xfff8f449                http_texthtml
                0xfff8f453                http_location
                0xfff8f45e                http_host
                0xfff8f465                http_crnl
                0xfff8f468                http_index_html
                0xfff8f474                http_404_html
                0xfff8f47e                http_referer
                0xfff8f487                http_header_200
                0xfff8f4db                http_header_404
                0xfff8f536                http_content_type_plain
                0xfff8f553                http_content_type_html
                0xfff8f56f                http_content_type_css
                0xfff8f58a                http_content_type_text
                0xfff8f5a6                http_content_type_png
                0xfff8f5c2                http_content_type_gif
                0xfff8f5de                http_content_type_jpg
                0xfff8f5fb                http_content_type_binary
                0xfff8f626                http_html
                0xfff8f62c                http_shtml
                0xfff8f633                http_htm
                0xfff8f638                http_css
                0xfff8f63d                http_png
                0xfff8f642                http_gif
                0xfff8f647                http_jpg
                0xfff8f64c                http_text
                0xfff8f651                http_txt
 C              0xfff8f658     0x960c ./src/sw/FreeTCPIP/apps/httpd/httpd-fs.o
                0xfff98bc4                file_404_html
                0xfff98bd8                file_index_html
                0xfff98bec                file_index_shtml
                0xfff98c00                file_io_shtml
                0xfff98c14                file_logo_jpg
                0xfff98c28                file_runtime_shtml
                0xfff98c3c                file_stats_shtml
                0xfff98c50                file_tcp_shtml
 C              0xfff98c64       0x5c ./src/sw/FreeRTOS/tasks.o
 C              0xfff98cc0        0x8 ./src/sw/FreeRTOS/timers.o
 C              0xfff98cc8       0xd8 ./src/main.o
 C              0xfff98da0      0x100 ./src/fw/fw_setup.o
 C              0xfff98ea0     0x1600 ./src/fw/GLCD/font_8x16.o
                0xfff98ea0                Font8x16_char_0
                0xfff98eb2                Font8x16_char_1
                0xfff98ec4                Font8x16_char_2
                0xfff98ed6                Font8x16_char_3
                0xfff98ee8                Font8x16_char_4
                0xfff98efa                Font8x16_char_5
                0xfff98f0c                Font8x16_char_6
                0xfff98f1e                Font8x16_char_7
                0xfff98f30                Font8x16_char_8
                0xfff98f42                Font8x16_char_9
                0xfff98f54                Font8x16_char_10
                0xfff98f66                Font8x16_char_11
                0xfff98f78                Font8x16_char_12
                0xfff98f8a                Font8x16_char_13
                0xfff98f9c                Font8x16_char_14
                0xfff98fae                Font8x16_char_15
                0xfff98fc0                Font8x16_char_16
                0xfff98fd2                Font8x16_char_17
                0xfff98fe4                Font8x16_char_18
                0xfff98ff6                Font8x16_char_19
                0xfff99008                Font8x16_char_20
                0xfff9901a                Font8x16_char_21
                0xfff9902c                Font8x16_char_22
                0xfff9903e                Font8x16_char_23
                0xfff99050                Font8x16_char_24
                0xfff99062                Font8x16_char_25
                0xfff99074                Font8x16_char_26
                0xfff99086                Font8x16_char_27
                0xfff99098                Font8x16_char_28
                0xfff990aa                Font8x16_char_29
                0xfff990bc                Font8x16_char_30
                0xfff990ce                Font8x16_char_31
                0xfff990e0                Font8x16_char_32
                0xfff990f2                Font8x16_char_33
                0xfff99104                Font8x16_char_34
                0xfff99116                Font8x16_char_35
                0xfff99128                Font8x16_char_36
                0xfff9913a                Font8x16_char_37
                0xfff9914c                Font8x16_char_38
                0xfff9915e                Font8x16_char_39
                0xfff99170                Font8x16_char_40
                0xfff99182                Font8x16_char_41
                0xfff99194                Font8x16_char_42
                0xfff991a6                Font8x16_char_43
                0xfff991b8                Font8x16_char_44
                0xfff991ca                Font8x16_char_45
                0xfff991dc                Font8x16_char_46
                0xfff991ee                Font8x16_char_47
                0xfff99200                Font8x16_char_48
                0xfff99212                Font8x16_char_49
                0xfff99224                Font8x16_char_50
                0xfff99236                Font8x16_char_51
                0xfff99248                Font8x16_char_52
                0xfff9925a                Font8x16_char_53
                0xfff9926c                Font8x16_char_54
                0xfff9927e                Font8x16_char_55
                0xfff99290                Font8x16_char_56
                0xfff992a2                Font8x16_char_57
                0xfff992b4                Font8x16_char_58
                0xfff992c6                Font8x16_char_59
                0xfff992d8                Font8x16_char_60
                0xfff992ea                Font8x16_char_61
                0xfff992fc                Font8x16_char_62
                0xfff9930e                Font8x16_char_63
                0xfff99320                Font8x16_char_64
                0xfff99332                Font8x16_char_65
                0xfff99344                Font8x16_char_66
                0xfff99356                Font8x16_char_67
                0xfff99368                Font8x16_char_68
                0xfff9937a                Font8x16_char_69
                0xfff9938c                Font8x16_char_70
                0xfff9939e                Font8x16_char_71
                0xfff993b0                Font8x16_char_72
                0xfff993c2                Font8x16_char_73
                0xfff993d4                Font8x16_char_74
                0xfff993e6                Font8x16_char_75
                0xfff993f8                Font8x16_char_76
                0xfff9940a                Font8x16_char_77
                0xfff9941c                Font8x16_char_78
                0xfff9942e                Font8x16_char_79
                0xfff99440                Font8x16_char_80
                0xfff99452                Font8x16_char_81
                0xfff99464                Font8x16_char_82
                0xfff99476                Font8x16_char_83
                0xfff99488                Font8x16_char_84
                0xfff9949a                Font8x16_char_85
                0xfff994ac                Font8x16_char_86
                0xfff994be                Font8x16_char_87
                0xfff994d0                Font8x16_char_88
                0xfff994e2                Font8x16_char_89
                0xfff994f4                Font8x16_char_90
                0xfff99506                Font8x16_char_91
                0xfff99518                Font8x16_char_92
                0xfff9952a                Font8x16_char_93
                0xfff9953c                Font8x16_char_94
                0xfff9954e                Font8x16_char_95
                0xfff99560                Font8x16_char_96
                0xfff99572                Font8x16_char_97
                0xfff99584                Font8x16_char_98
                0xfff99596                Font8x16_char_99
                0xfff995a8                Font8x16_char_100
                0xfff995ba                Font8x16_char_101
                0xfff995cc                Font8x16_char_102
                0xfff995de                Font8x16_char_103
                0xfff995f0                Font8x16_char_104
                0xfff99602                Font8x16_char_105
                0xfff99614                Font8x16_char_106
                0xfff99626                Font8x16_char_107
                0xfff99638                Font8x16_char_108
                0xfff9964a                Font8x16_char_109
                0xfff9965c                Font8x16_char_110
                0xfff9966e                Font8x16_char_111
                0xfff99680                Font8x16_char_112
                0xfff99692                Font8x16_char_113
                0xfff996a4                Font8x16_char_114
                0xfff996b6                Font8x16_char_115
                0xfff996c8                Font8x16_char_116
                0xfff996da                Font8x16_char_117
                0xfff996ec                Font8x16_char_118
                0xfff996fe                Font8x16_char_119
                0xfff99710                Font8x16_char_120
                0xfff99722                Font8x16_char_121
                0xfff99734                Font8x16_char_122
                0xfff99746                Font8x16_char_123
                0xfff99758                Font8x16_char_124
                0xfff9976a                Font8x16_char_125
                0xfff9977c                Font8x16_char_126
                0xfff9978e                Font8x16_char_127
                0xfff997a0                Font8x16_char_128
                0xfff997b2                Font8x16_char_129
                0xfff997c4                Font8x16_char_130
                0xfff997d6                Font8x16_char_131
                0xfff997e8                Font8x16_char_132
                0xfff997fa                Font8x16_char_133
                0xfff9980c                Font8x16_char_134
                0xfff9981e                Font8x16_char_135
                0xfff99830                Font8x16_char_136
                0xfff99842                Font8x16_char_137
                0xfff99854                Font8x16_char_138
                0xfff99866                Font8x16_char_139
                0xfff99878                Font8x16_char_140
                0xfff9988a                Font8x16_char_141
                0xfff9989c                Font8x16_char_142
                0xfff998ae                Font8x16_char_143
                0xfff998c0                Font8x16_char_144
                0xfff998d2                Font8x16_char_145
                0xfff998e4                Font8x16_char_146
                0xfff998f6                Font8x16_char_147
                0xfff99908                Font8x16_char_148
                0xfff9991a                Font8x16_char_149
                0xfff9992c                Font8x16_char_150
                0xfff9993e                Font8x16_char_151
                0xfff99950                Font8x16_char_152
                0xfff99962                Font8x16_char_153
                0xfff99974                Font8x16_char_154
                0xfff99986                Font8x16_char_155
                0xfff99998                Font8x16_char_156
                0xfff999aa                Font8x16_char_157
                0xfff999bc                Font8x16_char_158
                0xfff999ce                Font8x16_char_159
                0xfff999e0                Font8x16_char_160
                0xfff999f2                Font8x16_char_161
                0xfff99a04                Font8x16_char_162
                0xfff99a16                Font8x16_char_163
                0xfff99a28                Font8x16_char_164
                0xfff99a3a                Font8x16_char_165
                0xfff99a4c                Font8x16_char_166
                0xfff99a5e                Font8x16_char_167
                0xfff99a70                Font8x16_char_168
                0xfff99a82                Font8x16_char_169
                0xfff99a94                Font8x16_char_170
                0xfff99aa6                Font8x16_char_171
                0xfff99ab8                Font8x16_char_172
                0xfff99aca                Font8x16_char_173
                0xfff99adc                Font8x16_char_174
                0xfff99aee                Font8x16_char_175
                0xfff99b00                Font8x16_char_176
                0xfff99b12                Font8x16_char_177
                0xfff99b24                Font8x16_char_178
                0xfff99b36                Font8x16_char_179
                0xfff99b48                Font8x16_char_180
                0xfff99b5a                Font8x16_char_181
                0xfff99b6c                Font8x16_char_182
                0xfff99b7e                Font8x16_char_183
                0xfff99b90                Font8x16_char_184
                0xfff99ba2                Font8x16_char_185
                0xfff99bb4                Font8x16_char_186
                0xfff99bc6                Font8x16_char_187
                0xfff99bd8                Font8x16_char_188
                0xfff99bea                Font8x16_char_189
                0xfff99bfc                Font8x16_char_190
                0xfff99c0e                Font8x16_char_191
                0xfff99c20                Font8x16_char_192
                0xfff99c32                Font8x16_char_193
                0xfff99c44                Font8x16_char_194
                0xfff99c56                Font8x16_char_195
                0xfff99c68                Font8x16_char_196
                0xfff99c7a                Font8x16_char_197
                0xfff99c8c                Font8x16_char_198
                0xfff99c9e                Font8x16_char_199
                0xfff99cb0                Font8x16_char_200
                0xfff99cc2                Font8x16_char_201
                0xfff99cd4                Font8x16_char_202
                0xfff99ce6                Font8x16_char_203
                0xfff99cf8                Font8x16_char_204
                0xfff99d0a                Font8x16_char_205
                0xfff99d1c                Font8x16_char_206
                0xfff99d2e                Font8x16_char_207
                0xfff99d40                Font8x16_char_208
                0xfff99d52                Font8x16_char_209
                0xfff99d64                Font8x16_char_210
                0xfff99d76                Font8x16_char_211
                0xfff99d88                Font8x16_char_212
                0xfff99d9a                Font8x16_char_213
                0xfff99dac                Font8x16_char_214
                0xfff99dbe                Font8x16_char_215
                0xfff99dd0                Font8x16_char_216
                0xfff99de2                Font8x16_char_217
                0xfff99df4                Font8x16_char_218
                0xfff99e06                Font8x16_char_219
                0xfff99e18                Font8x16_char_220
                0xfff99e2a                Font8x16_char_221
                0xfff99e3c                Font8x16_char_222
                0xfff99e4e                Font8x16_char_223
                0xfff99e60                Font8x16_char_224
                0xfff99e72                Font8x16_char_225
                0xfff99e84                Font8x16_char_226
                0xfff99e96                Font8x16_char_227
                0xfff99ea8                Font8x16_char_228
                0xfff99eba                Font8x16_char_229
                0xfff99ecc                Font8x16_char_230
                0xfff99ede                Font8x16_char_231
                0xfff99ef0                Font8x16_char_232
                0xfff99f02                Font8x16_char_233
                0xfff99f14                Font8x16_char_234
                0xfff99f26                Font8x16_char_235
                0xfff99f38                Font8x16_char_236
                0xfff99f4a                Font8x16_char_237
                0xfff99f5c                Font8x16_char_238
                0xfff99f6e                Font8x16_char_239
                0xfff99f80                Font8x16_char_240
                0xfff99f92                Font8x16_char_241
                0xfff99fa4                Font8x16_char_242
                0xfff99fb6                Font8x16_char_243
                0xfff99fc8                Font8x16_char_244
                0xfff99fda                Font8x16_char_245
                0xfff99fec                Font8x16_char_246
                0xfff99ffe                Font8x16_char_247
                0xfff9a010                Font8x16_char_248
                0xfff9a022                Font8x16_char_249
                0xfff9a034                Font8x16_char_250
                0xfff9a046                Font8x16_char_251
                0xfff9a058                Font8x16_char_252
                0xfff9a06a                Font8x16_char_253
                0xfff9a07c                Font8x16_char_254
                0xfff9a08e                Font8x16_char_255
                0xfff9a0a0                Font8x16_table
 C              0xfff9a4a0      0xe00 ./src/fw/GLCD/font_8x8.o
                0xfff9a4a0                Font8x8_char_0
                0xfff9a4aa                Font8x8_char_1
                0xfff9a4b4                Font8x8_char_2
                0xfff9a4be                Font8x8_char_3
                0xfff9a4c8                Font8x8_char_4
                0xfff9a4d2                Font8x8_char_5
                0xfff9a4dc                Font8x8_char_6
                0xfff9a4e6                Font8x8_char_7
                0xfff9a4f0                Font8x8_char_8
                0xfff9a4fa                Font8x8_char_9
                0xfff9a504                Font8x8_char_10
                0xfff9a50e                Font8x8_char_11
                0xfff9a518                Font8x8_char_12
                0xfff9a522                Font8x8_char_13
                0xfff9a52c                Font8x8_char_14
                0xfff9a536                Font8x8_char_15
                0xfff9a540                Font8x8_char_16
                0xfff9a54a                Font8x8_char_17
                0xfff9a554                Font8x8_char_18
                0xfff9a55e                Font8x8_char_19
                0xfff9a568                Font8x8_char_20
                0xfff9a572                Font8x8_char_21
                0xfff9a57c                Font8x8_char_22
                0xfff9a586                Font8x8_char_23
                0xfff9a590                Font8x8_char_24
                0xfff9a59a                Font8x8_char_25
                0xfff9a5a4                Font8x8_char_26
                0xfff9a5ae                Font8x8_char_27
                0xfff9a5b8                Font8x8_char_28
                0xfff9a5c2                Font8x8_char_29
                0xfff9a5cc                Font8x8_char_30
                0xfff9a5d6                Font8x8_char_31
                0xfff9a5e0                Font8x8_char_32
                0xfff9a5ea                Font8x8_char_33
                0xfff9a5f4                Font8x8_char_34
                0xfff9a5fe                Font8x8_char_35
                0xfff9a608                Font8x8_char_36
                0xfff9a612                Font8x8_char_37
                0xfff9a61c                Font8x8_char_38
                0xfff9a626                Font8x8_char_39
                0xfff9a630                Font8x8_char_40
                0xfff9a63a                Font8x8_char_41
                0xfff9a644                Font8x8_char_42
                0xfff9a64e                Font8x8_char_43
                0xfff9a658                Font8x8_char_44
                0xfff9a662                Font8x8_char_45
                0xfff9a66c                Font8x8_char_46
                0xfff9a676                Font8x8_char_47
                0xfff9a680                Font8x8_char_48
                0xfff9a68a                Font8x8_char_49
                0xfff9a694                Font8x8_char_50
                0xfff9a69e                Font8x8_char_51
                0xfff9a6a8                Font8x8_char_52
                0xfff9a6b2                Font8x8_char_53
                0xfff9a6bc                Font8x8_char_54
                0xfff9a6c6                Font8x8_char_55
                0xfff9a6d0                Font8x8_char_56
                0xfff9a6da                Font8x8_char_57
                0xfff9a6e4                Font8x8_char_58
                0xfff9a6ee                Font8x8_char_59
                0xfff9a6f8                Font8x8_char_60
                0xfff9a702                Font8x8_char_61
                0xfff9a70c                Font8x8_char_62
                0xfff9a716                Font8x8_char_63
                0xfff9a720                Font8x8_char_64
                0xfff9a72a                Font8x8_char_65
                0xfff9a734                Font8x8_char_66
                0xfff9a73e                Font8x8_char_67
                0xfff9a748                Font8x8_char_68
                0xfff9a752                Font8x8_char_69
                0xfff9a75c                Font8x8_char_70
                0xfff9a766                Font8x8_char_71
                0xfff9a770                Font8x8_char_72
                0xfff9a77a                Font8x8_char_73
                0xfff9a784                Font8x8_char_74
                0xfff9a78e                Font8x8_char_75
                0xfff9a798                Font8x8_char_76
                0xfff9a7a2                Font8x8_char_77
                0xfff9a7ac                Font8x8_char_78
                0xfff9a7b6                Font8x8_char_79
                0xfff9a7c0                Font8x8_char_80
                0xfff9a7ca                Font8x8_char_81
                0xfff9a7d4                Font8x8_char_82
                0xfff9a7de                Font8x8_char_83
                0xfff9a7e8                Font8x8_char_84
                0xfff9a7f2                Font8x8_char_85
                0xfff9a7fc                Font8x8_char_86
                0xfff9a806                Font8x8_char_87
                0xfff9a810                Font8x8_char_88
                0xfff9a81a                Font8x8_char_89
                0xfff9a824                Font8x8_char_90
                0xfff9a82e                Font8x8_char_91
                0xfff9a838                Font8x8_char_92
                0xfff9a842                Font8x8_char_93
                0xfff9a84c                Font8x8_char_94
                0xfff9a856                Font8x8_char_95
                0xfff9a860                Font8x8_char_96
                0xfff9a86a                Font8x8_char_97
                0xfff9a874                Font8x8_char_98
                0xfff9a87e                Font8x8_char_99
                0xfff9a888                Font8x8_char_100
                0xfff9a892                Font8x8_char_101
                0xfff9a89c                Font8x8_char_102
                0xfff9a8a6                Font8x8_char_103
                0xfff9a8b0                Font8x8_char_104
                0xfff9a8ba                Font8x8_char_105
                0xfff9a8c4                Font8x8_char_106
                0xfff9a8ce                Font8x8_char_107
                0xfff9a8d8                Font8x8_char_108
                0xfff9a8e2                Font8x8_char_109
                0xfff9a8ec                Font8x8_char_110
                0xfff9a8f6                Font8x8_char_111
                0xfff9a900                Font8x8_char_112
                0xfff9a90a                Font8x8_char_113
                0xfff9a914                Font8x8_char_114
                0xfff9a91e                Font8x8_char_115
                0xfff9a928                Font8x8_char_116
                0xfff9a932                Font8x8_char_117
                0xfff9a93c                Font8x8_char_118
                0xfff9a946                Font8x8_char_119
                0xfff9a950                Font8x8_char_120
                0xfff9a95a                Font8x8_char_121
                0xfff9a964                Font8x8_char_122
                0xfff9a96e                Font8x8_char_123
                0xfff9a978                Font8x8_char_124
                0xfff9a982                Font8x8_char_125
                0xfff9a98c                Font8x8_char_126
                0xfff9a996                Font8x8_char_127
                0xfff9a9a0                Font8x8_char_128
                0xfff9a9aa                Font8x8_char_129
                0xfff9a9b4                Font8x8_char_130
                0xfff9a9be                Font8x8_char_131
                0xfff9a9c8                Font8x8_char_132
                0xfff9a9d2                Font8x8_char_133
                0xfff9a9dc                Font8x8_char_134
                0xfff9a9e6                Font8x8_char_135
                0xfff9a9f0                Font8x8_char_136
                0xfff9a9fa                Font8x8_char_137
                0xfff9aa04                Font8x8_char_138
                0xfff9aa0e                Font8x8_char_139
                0xfff9aa18                Font8x8_char_140
                0xfff9aa22                Font8x8_char_141
                0xfff9aa2c                Font8x8_char_142
                0xfff9aa36                Font8x8_char_143
                0xfff9aa40                Font8x8_char_144
                0xfff9aa4a                Font8x8_char_145
                0xfff9aa54                Font8x8_char_146
                0xfff9aa5e                Font8x8_char_147
                0xfff9aa68                Font8x8_char_148
                0xfff9aa72                Font8x8_char_149
                0xfff9aa7c                Font8x8_char_150
                0xfff9aa86                Font8x8_char_151
                0xfff9aa90                Font8x8_char_152
                0xfff9aa9a                Font8x8_char_153
                0xfff9aaa4                Font8x8_char_154
                0xfff9aaae                Font8x8_char_155
                0xfff9aab8                Font8x8_char_156
                0xfff9aac2                Font8x8_char_157
                0xfff9aacc                Font8x8_char_158
                0xfff9aad6                Font8x8_char_159
                0xfff9aae0                Font8x8_char_160
                0xfff9aaea                Font8x8_char_161
                0xfff9aaf4                Font8x8_char_162
                0xfff9aafe                Font8x8_char_163
                0xfff9ab08                Font8x8_char_164
                0xfff9ab12                Font8x8_char_165
                0xfff9ab1c                Font8x8_char_166
                0xfff9ab26                Font8x8_char_167
                0xfff9ab30                Font8x8_char_168
                0xfff9ab3a                Font8x8_char_169
                0xfff9ab44                Font8x8_char_170
                0xfff9ab4e                Font8x8_char_171
                0xfff9ab58                Font8x8_char_172
                0xfff9ab62                Font8x8_char_173
                0xfff9ab6c                Font8x8_char_174
                0xfff9ab76                Font8x8_char_175
                0xfff9ab80                Font8x8_char_176
                0xfff9ab8a                Font8x8_char_177
                0xfff9ab94                Font8x8_char_178
                0xfff9ab9e                Font8x8_char_179
                0xfff9aba8                Font8x8_char_180
                0xfff9abb2                Font8x8_char_181
                0xfff9abbc                Font8x8_char_182
                0xfff9abc6                Font8x8_char_183
                0xfff9abd0                Font8x8_char_184
                0xfff9abda                Font8x8_char_185
                0xfff9abe4                Font8x8_char_186
                0xfff9abee                Font8x8_char_187
                0xfff9abf8                Font8x8_char_188
                0xfff9ac02                Font8x8_char_189
                0xfff9ac0c                Font8x8_char_190
                0xfff9ac16                Font8x8_char_191
                0xfff9ac20                Font8x8_char_192
                0xfff9ac2a                Font8x8_char_193
                0xfff9ac34                Font8x8_char_194
                0xfff9ac3e                Font8x8_char_195
                0xfff9ac48                Font8x8_char_196
                0xfff9ac52                Font8x8_char_197
                0xfff9ac5c                Font8x8_char_198
                0xfff9ac66                Font8x8_char_199
                0xfff9ac70                Font8x8_char_200
                0xfff9ac7a                Font8x8_char_201
                0xfff9ac84                Font8x8_char_202
                0xfff9ac8e                Font8x8_char_203
                0xfff9ac98                Font8x8_char_204
                0xfff9aca2                Font8x8_char_205
                0xfff9acac                Font8x8_char_206
                0xfff9acb6                Font8x8_char_207
                0xfff9acc0                Font8x8_char_208
                0xfff9acca                Font8x8_char_209
                0xfff9acd4                Font8x8_char_210
                0xfff9acde                Font8x8_char_211
                0xfff9ace8                Font8x8_char_212
                0xfff9acf2                Font8x8_char_213
                0xfff9acfc                Font8x8_char_214
                0xfff9ad06                Font8x8_char_215
                0xfff9ad10                Font8x8_char_216
                0xfff9ad1a                Font8x8_char_217
                0xfff9ad24                Font8x8_char_218
                0xfff9ad2e                Font8x8_char_219
                0xfff9ad38                Font8x8_char_220
                0xfff9ad42                Font8x8_char_221
                0xfff9ad4c                Font8x8_char_222
                0xfff9ad56                Font8x8_char_223
                0xfff9ad60                Font8x8_char_224
                0xfff9ad6a                Font8x8_char_225
                0xfff9ad74                Font8x8_char_226
                0xfff9ad7e                Font8x8_char_227
                0xfff9ad88                Font8x8_char_228
                0xfff9ad92                Font8x8_char_229
                0xfff9ad9c                Font8x8_char_230
                0xfff9ada6                Font8x8_char_231
                0xfff9adb0                Font8x8_char_232
                0xfff9adba                Font8x8_char_233
                0xfff9adc4                Font8x8_char_234
                0xfff9adce                Font8x8_char_235
                0xfff9add8                Font8x8_char_236
                0xfff9ade2                Font8x8_char_237
                0xfff9adec                Font8x8_char_238
                0xfff9adf6                Font8x8_char_239
                0xfff9ae00                Font8x8_char_240
                0xfff9ae0a                Font8x8_char_241
                0xfff9ae14                Font8x8_char_242
                0xfff9ae1e                Font8x8_char_243
                0xfff9ae28                Font8x8_char_244
                0xfff9ae32                Font8x8_char_245
                0xfff9ae3c                Font8x8_char_246
                0xfff9ae46                Font8x8_char_247
                0xfff9ae50                Font8x8_char_248
                0xfff9ae5a                Font8x8_char_249
                0xfff9ae64                Font8x8_char_250
                0xfff9ae6e                Font8x8_char_251
                0xfff9ae78                Font8x8_char_252
                0xfff9ae82                Font8x8_char_253
                0xfff9ae8c                Font8x8_char_254
                0xfff9ae96                Font8x8_char_255
                0xfff9aea0                Font8x8_table
 C              0xfff9b2a0      0x83c ./src/fw/GLCD/font_bitmap.o
                0xfff9b2a0                Bitmaps_VolumeBar0
                0xfff9b2d2                Bitmaps_VolumeBar1
                0xfff9b304                Bitmaps_VolumeBar2
                0xfff9b336                Bitmaps_VolumeBar3
                0xfff9b368                Bitmaps_VolumeBar4
                0xfff9b39a                Bitmaps_VolumeBar5
                0xfff9b3cc                Bitmaps_VolumeBar6
                0xfff9b3fe                Bitmaps_VolumeBar7
                0xfff9b430                Bitmaps_VolumeBar8
                0xfff9b462                Bitmaps_VolumeBar9
                0xfff9b494                Bitmaps_VolumeBar10
                0xfff9b4c6                Bitmaps_Bars0
                0xfff9b4f6                Bitmaps_Bars1
                0xfff9b526                Bitmaps_Bars2
                0xfff9b556                Bitmaps_Bars3
                0xfff9b586                Bitmaps_Bars4
                0xfff9b5b6                Bitmaps_Bars5
                0xfff9b5e6                Bitmaps_BatteryLow
                0xfff9b600                Bitmaps_BatteryHigh
                0xfff9b61a                Bitmaps_AC
                0xfff9b634                Bitmaps_Signal
                0xfff9b656                Bitmaps_Voice
                0xfff9b678                Bitmaps_Tone
                0xfff9b69a                Bitmaps_NOAA
                0xfff9b6dc                Bitmaps_table
 C              0xfff9badc      0x8ec ./src/fw/GLCD/font_helvr10.o
                0xfff9badc                FontHelvr10_char_32
                0xfff9bae4                FontHelvr10_char_33
                0xfff9baec                FontHelvr10_char_34
                0xfff9baf6                FontHelvr10_char_35
                0xfff9bb04                FontHelvr10_char_36
                0xfff9bb12                FontHelvr10_char_37
                0xfff9bb26                FontHelvr10_char_38
                0xfff9bb38                FontHelvr10_char_39
                0xfff9bb40                FontHelvr10_char_40
                0xfff9bb4a                FontHelvr10_char_41
                0xfff9bb54                FontHelvr10_char_42
                0xfff9bb5e                FontHelvr10_char_43
                0xfff9bb6c                FontHelvr10_char_44
                0xfff9bb74                FontHelvr10_char_45
                0xfff9bb84                FontHelvr10_char_46
                0xfff9bb8c                FontHelvr10_char_47
                0xfff9bb94                FontHelvr10_char_48
                0xfff9bba2                FontHelvr10_char_49
                0xfff9bbb0                FontHelvr10_char_50
                0xfff9bbbe                FontHelvr10_char_51
                0xfff9bbcc                FontHelvr10_char_52
                0xfff9bbda                FontHelvr10_char_53
                0xfff9bbe8                FontHelvr10_char_54
                0xfff9bbf6                FontHelvr10_char_55
                0xfff9bc04                FontHelvr10_char_56
                0xfff9bc12                FontHelvr10_char_57
                0xfff9bc20                FontHelvr10_char_58
                0xfff9bc28                FontHelvr10_char_59
                0xfff9bc30                FontHelvr10_char_60
                0xfff9bc3e                FontHelvr10_char_61
                0xfff9bc4a                FontHelvr10_char_62
                0xfff9bc58                FontHelvr10_char_63
                0xfff9bc66                FontHelvr10_char_64
                0xfff9bc7e                FontHelvr10_char_65
                0xfff9bc8e                FontHelvr10_char_66
                0xfff9bc9e                FontHelvr10_char_67
                0xfff9bcb0                FontHelvr10_char_68
                0xfff9bcc2                FontHelvr10_char_69
                0xfff9bcd2                FontHelvr10_char_70
                0xfff9bce0                FontHelvr10_char_71
                0xfff9bcf2                FontHelvr10_char_72
                0xfff9bd04                FontHelvr10_char_73
                0xfff9bd0c                FontHelvr10_char_74
                0xfff9bd18                FontHelvr10_char_75
                0xfff9bd28                FontHelvr10_char_76
                0xfff9bd36                FontHelvr10_char_77
                0xfff9bd4a                FontHelvr10_char_78
                0xfff9bd5c                FontHelvr10_char_79
                0xfff9bd6e                FontHelvr10_char_80
                0xfff9bd7e                FontHelvr10_char_81
                0xfff9bd90                FontHelvr10_char_82
                0xfff9bda0                FontHelvr10_char_83
                0xfff9bdb0                FontHelvr10_char_84
                0xfff9bdbc                FontHelvr10_char_85
                0xfff9bdce                FontHelvr10_char_86
                0xfff9bdde                FontHelvr10_char_87
                0xfff9bdf2                FontHelvr10_char_88
                0xfff9be02                FontHelvr10_char_89
                0xfff9be12                FontHelvr10_char_90
                0xfff9be22                FontHelvr10_char_91
                0xfff9be2a                FontHelvr10_char_92
                0xfff9be32                FontHelvr10_char_93
                0xfff9be3a                FontHelvr10_char_94
                0xfff9be48                FontHelvr10_char_95
                0xfff9be56                FontHelvr10_char_96
                0xfff9be5e                FontHelvr10_char_97
                0xfff9be6a                FontHelvr10_char_98
                0xfff9be78                FontHelvr10_char_99
                0xfff9be84                FontHelvr10_char_100
                0xfff9be92                FontHelvr10_char_101
                0xfff9be9e                FontHelvr10_char_102
                0xfff9bea8                FontHelvr10_char_103
                0xfff9beb6                FontHelvr10_char_104
                0xfff9bec4                FontHelvr10_char_105
                0xfff9beca                FontHelvr10_char_106
                0xfff9bed0                FontHelvr10_char_107
                0xfff9bedc                FontHelvr10_char_108
                0xfff9bee2                FontHelvr10_char_109
                0xfff9bef4                FontHelvr10_char_110
                0xfff9bf02                FontHelvr10_char_111
                0xfff9bf10                FontHelvr10_char_112
                0xfff9bf1e                FontHelvr10_char_113
                0xfff9bf2c                FontHelvr10_char_114
                0xfff9bf36                FontHelvr10_char_115
                0xfff9bf42                FontHelvr10_char_116
                0xfff9bf4c                FontHelvr10_char_117
                0xfff9bf58                FontHelvr10_char_118
                0xfff9bf66                FontHelvr10_char_119
                0xfff9bf78                FontHelvr10_char_120
                0xfff9bf86                FontHelvr10_char_121
                0xfff9bf92                FontHelvr10_char_122
                0xfff9bf9e                FontHelvr10_char_123
                0xfff9bfa6                FontHelvr10_char_124
                0xfff9bfae                FontHelvr10_char_125
                0xfff9bfb6                FontHelvr10_char_126
                0xfff9bfc8                FontHelvr10_table
 C              0xfff9c3c8      0x8ec ./src/fw/GLCD/font_winfreesystem14x16.o
                0xfff9c3c8                FontWinFreeSystem14x16_char_32
                0xfff9c3d0                FontWinFreeSystem14x16_char_33
                0xfff9c3d8                FontWinFreeSystem14x16_char_34
                0xfff9c3e2                FontWinFreeSystem14x16_char_35
                0xfff9c3f0                FontWinFreeSystem14x16_char_36
                0xfff9c3fe                FontWinFreeSystem14x16_char_37
                0xfff9c412                FontWinFreeSystem14x16_char_38
                0xfff9c424                FontWinFreeSystem14x16_char_39
                0xfff9c42c                FontWinFreeSystem14x16_char_40
                0xfff9c436                FontWinFreeSystem14x16_char_41
                0xfff9c440                FontWinFreeSystem14x16_char_42
                0xfff9c44a                FontWinFreeSystem14x16_char_43
                0xfff9c458                FontWinFreeSystem14x16_char_44
                0xfff9c460                FontWinFreeSystem14x16_char_45
                0xfff9c470                FontWinFreeSystem14x16_char_46
                0xfff9c478                FontWinFreeSystem14x16_char_47
                0xfff9c480                FontWinFreeSystem14x16_char_48
                0xfff9c48e                FontWinFreeSystem14x16_char_49
                0xfff9c49c                FontWinFreeSystem14x16_char_50
                0xfff9c4aa                FontWinFreeSystem14x16_char_51
                0xfff9c4b8                FontWinFreeSystem14x16_char_52
                0xfff9c4c6                FontWinFreeSystem14x16_char_53
                0xfff9c4d4                FontWinFreeSystem14x16_char_54
                0xfff9c4e2                FontWinFreeSystem14x16_char_55
                0xfff9c4f0                FontWinFreeSystem14x16_char_56
                0xfff9c4fe                FontWinFreeSystem14x16_char_57
                0xfff9c50c                FontWinFreeSystem14x16_char_58
                0xfff9c514                FontWinFreeSystem14x16_char_59
                0xfff9c51c                FontWinFreeSystem14x16_char_60
                0xfff9c52a                FontWinFreeSystem14x16_char_61
                0xfff9c536                FontWinFreeSystem14x16_char_62
                0xfff9c544                FontWinFreeSystem14x16_char_63
                0xfff9c552                FontWinFreeSystem14x16_char_64
                0xfff9c56a                FontWinFreeSystem14x16_char_65
                0xfff9c57a                FontWinFreeSystem14x16_char_66
                0xfff9c58a                FontWinFreeSystem14x16_char_67
                0xfff9c59c                FontWinFreeSystem14x16_char_68
                0xfff9c5ae                FontWinFreeSystem14x16_char_69
                0xfff9c5be                FontWinFreeSystem14x16_char_70
                0xfff9c5cc                FontWinFreeSystem14x16_char_71
                0xfff9c5de                FontWinFreeSystem14x16_char_72
                0xfff9c5f0                FontWinFreeSystem14x16_char_73
                0xfff9c5f8                FontWinFreeSystem14x16_char_74
                0xfff9c604                FontWinFreeSystem14x16_char_75
                0xfff9c614                FontWinFreeSystem14x16_char_76
                0xfff9c622                FontWinFreeSystem14x16_char_77
                0xfff9c636                FontWinFreeSystem14x16_char_78
                0xfff9c648                FontWinFreeSystem14x16_char_79
                0xfff9c65a                FontWinFreeSystem14x16_char_80
                0xfff9c66a                FontWinFreeSystem14x16_char_81
                0xfff9c67c                FontWinFreeSystem14x16_char_82
                0xfff9c68c                FontWinFreeSystem14x16_char_83
                0xfff9c69c                FontWinFreeSystem14x16_char_84
                0xfff9c6a8                FontWinFreeSystem14x16_char_85
                0xfff9c6ba                FontWinFreeSystem14x16_char_86
                0xfff9c6ca                FontWinFreeSystem14x16_char_87
                0xfff9c6de                FontWinFreeSystem14x16_char_88
                0xfff9c6ee                FontWinFreeSystem14x16_char_89
                0xfff9c6fe                FontWinFreeSystem14x16_char_90
                0xfff9c70e                FontWinFreeSystem14x16_char_91
                0xfff9c716                FontWinFreeSystem14x16_char_92
                0xfff9c71e                FontWinFreeSystem14x16_char_93
                0xfff9c726                FontWinFreeSystem14x16_char_94
                0xfff9c734                FontWinFreeSystem14x16_char_95
                0xfff9c742                FontWinFreeSystem14x16_char_96
                0xfff9c74a                FontWinFreeSystem14x16_char_97
                0xfff9c756                FontWinFreeSystem14x16_char_98
                0xfff9c764                FontWinFreeSystem14x16_char_99
                0xfff9c770                FontWinFreeSystem14x16_char_100
                0xfff9c77e                FontWinFreeSystem14x16_char_101
                0xfff9c78a                FontWinFreeSystem14x16_char_102
                0xfff9c794                FontWinFreeSystem14x16_char_103
                0xfff9c7a2                FontWinFreeSystem14x16_char_104
                0xfff9c7b0                FontWinFreeSystem14x16_char_105
                0xfff9c7b6                FontWinFreeSystem14x16_char_106
                0xfff9c7bc                FontWinFreeSystem14x16_char_107
                0xfff9c7c8                FontWinFreeSystem14x16_char_108
                0xfff9c7ce                FontWinFreeSystem14x16_char_109
                0xfff9c7e0                FontWinFreeSystem14x16_char_110
                0xfff9c7ee                FontWinFreeSystem14x16_char_111
                0xfff9c7fc                FontWinFreeSystem14x16_char_112
                0xfff9c80a                FontWinFreeSystem14x16_char_113
                0xfff9c818                FontWinFreeSystem14x16_char_114
                0xfff9c822                FontWinFreeSystem14x16_char_115
                0xfff9c82e                FontWinFreeSystem14x16_char_116
                0xfff9c838                FontWinFreeSystem14x16_char_117
                0xfff9c844                FontWinFreeSystem14x16_char_118
                0xfff9c852                FontWinFreeSystem14x16_char_119
                0xfff9c864                FontWinFreeSystem14x16_char_120
                0xfff9c872                FontWinFreeSystem14x16_char_121
                0xfff9c87e                FontWinFreeSystem14x16_char_122
                0xfff9c88a                FontWinFreeSystem14x16_char_123
                0xfff9c892                FontWinFreeSystem14x16_char_124
                0xfff9c89a                FontWinFreeSystem14x16_char_125
                0xfff9c8a2                FontWinFreeSystem14x16_char_126
                0xfff9c8b4                FontWinFreeSystem14x16_table
 C              0xfff9ccb4      0x77c ./src/fw/GLCD/font_x5x7.o
                0xfff9ccb4                Fontx5x7_char_0
                0xfff9ccbb                Fontx5x7_char_1
                0xfff9ccc2                Fontx5x7_char_2
                0xfff9ccc9                Fontx5x7_char_3
                0xfff9ccd0                Fontx5x7_char_4
                0xfff9ccd7                Fontx5x7_char_5
                0xfff9ccde                Fontx5x7_char_6
                0xfff9cce5                Fontx5x7_char_7
                0xfff9ccec                Fontx5x7_char_8
                0xfff9ccf3                Fontx5x7_char_9
                0xfff9ccfa                Fontx5x7_char_10
[...]
 .debug_aranges
                0x000001a0       0x20 ./src/sw/MemMang/heap_2.o
 .debug_aranges
                0x000001c0       0x20 ./src/sw/FreeTCPIP/psock.o
 .debug_aranges
                0x000001e0       0x20 ./src/sw/FreeTCPIP/timer.o
 .debug_aranges
                0x00000200       0x20 ./src/sw/FreeTCPIP/uip.o
 .debug_aranges
                0x00000220       0x20 ./src/sw/FreeTCPIP/uip_arp.o
 .debug_aranges
                0x00000240       0x18 ./src/sw/FreeTCPIP/apps/httpd/http-strings.o
 .debug_aranges
                0x00000258       0x20 ./src/sw/FreeTCPIP/apps/httpd/httpd-fs.o
 .debug_aranges
                0x00000278       0x20 ./src/sw/FreeTCPIP/apps/httpd/httpd.o
 .debug_aranges
                0x00000298       0x20 ./src/sw/FreeRTOS/croutine.o
 .debug_aranges
                0x000002b8       0x20 ./src/sw/FreeRTOS/list.o
 .debug_aranges
                0x000002d8       0x20 ./src/sw/FreeRTOS/queue.o
 .debug_aranges
                0x000002f8       0x20 ./src/sw/FreeRTOS/tasks.o
 .debug_aranges
                0x00000318       0x20 ./src/sw/FreeRTOS/timers.o
 .debug_aranges
                0x00000338       0x20 ./src/sw/FreeRTOS/port/port.o
 .debug_aranges
                0x00000358       0x20 ./src/HighFrequencyTimerTest.o
 .debug_aranges
                0x00000378       0x20 ./src/main.o
 .debug_aranges
                0x00000398       0x20 ./src/fw/fw_setup.o
 .debug_aranges
                0x000003b8       0x20 ./src/fw/hwsetup.o
 .debug_aranges
                0x000003d8       0x20 ./src/fw/inthandler.o
 .debug_aranges
                0x000003f8       0x20 ./src/fw/start.o
 .debug_aranges
                0x00000418       0x18 ./src/fw/vects.o
 .debug_aranges
                0x00000430       0x20 ./src/fw/TMR/fw_tmr0.o
 .debug_aranges
                0x00000450       0x20 ./src/fw/TMR/fw_tmr1.o
 .debug_aranges
                0x00000470       0x20 ./src/fw/TMR/fw_tmr2.o
 .debug_aranges
                0x00000490       0x20 ./src/fw/TMR/fw_tmr3.o
 .debug_aranges
                0x000004b0       0x20 ./src/fw/SWINT/fw_swint.o
 .debug_aranges
                0x000004d0       0x20 ./src/fw/SW/fw_sw.o
 .debug_aranges
                0x000004f0       0x20 ./src/fw/SPI/fw_spi.o
 .debug_aranges
                0x00000510       0x20 ./src/fw/SCI/fw_sci2.o
 .debug_aranges
                0x00000530       0x20 ./src/fw/RTC/fw_rtc.o
 .debug_aranges
                0x00000550       0x20 ./src/fw/LED/fw_led.o
 .debug_aranges
                0x00000570       0x20 ./src/fw/IRQ/fw_irq10.o
 .debug_aranges
                0x00000590       0x20 ./src/fw/IRQ/fw_irq15.o
 .debug_aranges
                0x000005b0       0x20 ./src/fw/IRQ/fw_irq8.o
 .debug_aranges
                0x000005d0       0x20 ./src/fw/IRQ/fw_irq9.o
 .debug_aranges
                0x000005f0       0x20 ./src/fw/IIC/fw_iic.o
 .debug_aranges
                0x00000610       0x18 ./src/fw/GLCD/font_8x16.o
 .debug_aranges
                0x00000628       0x18 ./src/fw/GLCD/font_8x8.o
 .debug_aranges
                0x00000640       0x18 ./src/fw/GLCD/font_bitmap.o
 .debug_aranges
                0x00000658       0x18 ./src/fw/GLCD/font_helvr10.o
 .debug_aranges
                0x00000670       0x18 ./src/fw/GLCD/font_winfreesystem14x16.o
 .debug_aranges
                0x00000688       0x18 ./src/fw/GLCD/font_x5x7.o
 .debug_aranges
                0x000006a0       0x18 ./src/fw/GLCD/font_x6x13.o
 .debug_aranges
                0x000006b8       0x20 ./src/fw/GLCD/fw_glcd.o
 .debug_aranges
                0x000006d8       0x20 ./src/fw/ETH/fw_eth.o
 .debug_aranges
                0x000006f8       0x20 ./src/fw/Clock/fw_clock.o
 .debug_aranges
                0x00000718       0x20 ./src/fw/CMT/cmt0.o
 .debug_aranges
                0x00000738       0x20 ./src/fw/AD/fw_ad.o

.debug_line     0x00000000     0x58e6
 .debug_line    0x00000000      0x365 ./src/sw/webserver/EMAC.o
 .debug_line    0x00000365      0x312 ./src/sw/webserver/httpd-cgi.o
 .debug_line    0x00000677      0x2e1 ./src/sw/webserver/phy.o
 .debug_line    0x00000958      0x172 ./src/sw/task/BlockQ.o
 .debug_line    0x00000aca      0x201 ./src/sw/task/GenQTest.o
 .debug_line    0x00000ccb      0x181 ./src/sw/task/QPeek.o
 .debug_line    0x00000e4c      0x1ee ./src/sw/task/blocktim.o
 .debug_line    0x0000103a      0x12c ./src/sw/task/flash.o
 .debug_line    0x00001166       0xe5 ./src/sw/task/integer.o
 .debug_line    0x0000124b      0x1ad ./src/sw/task/recmutex.o
 .debug_line    0x000013f8      0x374 ./src/sw/task/uIP_Task.o
 .debug_line    0x0000176c      0x157 ./src/sw/task/IIC/sw_task_iic.o
 .debug_line    0x000018c3      0x2eb ./src/sw/task/GLCD/sw_task_glcd.o
 .debug_line    0x00001bae      0x115 ./src/sw/MemMang/heap_2.o
 .debug_line    0x00001cc3      0x2c1 ./src/sw/FreeTCPIP/psock.o
 .debug_line    0x00001f84      0x10d ./src/sw/FreeTCPIP/timer.o
 .debug_line    0x00002091      0x693 ./src/sw/FreeTCPIP/uip.o
 .debug_line    0x00002724      0x24f ./src/sw/FreeTCPIP/uip_arp.o
 .debug_line    0x00002973       0x4e ./src/sw/FreeTCPIP/apps/httpd/http-strings.o
 .debug_line    0x000029c1      0x136 ./src/sw/FreeTCPIP/apps/httpd/httpd-fs.o
 .debug_line    0x00002af7      0x3bd ./src/sw/FreeTCPIP/apps/httpd/httpd.o
 .debug_line    0x00002eb4      0x1f9 ./src/sw/FreeRTOS/croutine.o
 .debug_line    0x000030ad      0x13b ./src/sw/FreeRTOS/list.o
 .debug_line    0x000031e8      0x46f ./src/sw/FreeRTOS/queue.o
 .debug_line    0x00003657      0x71c ./src/sw/FreeRTOS/tasks.o
 .debug_line    0x00003d73      0x25a ./src/sw/FreeRTOS/timers.o
 .debug_line    0x00003fcd      0x134 ./src/sw/FreeRTOS/port/port.o
 .debug_line    0x00004101       0xbd ./src/HighFrequencyTimerTest.o
 .debug_line    0x000041be      0x219 ./src/main.o
 .debug_line    0x000043d7       0x61 ./src/fw/fw_setup.o
 .debug_line    0x00004438       0x5a ./src/fw/hwsetup.o
 .debug_line    0x00004492      0x141 ./src/fw/inthandler.o
 .debug_line    0x000045d3       0x56 ./src/fw/start.o
 .debug_line    0x00004629       0x32 ./src/fw/vects.o
 .debug_line    0x0000465b       0xb7 ./src/fw/TMR/fw_tmr0.o
 .debug_line    0x00004712       0xb4 ./src/fw/TMR/fw_tmr1.o
 .debug_line    0x000047c6       0xb6 ./src/fw/TMR/fw_tmr2.o
 .debug_line    0x0000487c       0xb6 ./src/fw/TMR/fw_tmr3.o
 .debug_line    0x00004932       0xa1 ./src/fw/SWINT/fw_swint.o
 .debug_line    0x000049d3       0x96 ./src/fw/SW/fw_sw.o
 .debug_line    0x00004a69      0x10e ./src/fw/SPI/fw_spi.o
 .debug_line    0x00004b77       0xcc ./src/fw/SCI/fw_sci2.o
 .debug_line    0x00004c43       0xa0 ./src/fw/RTC/fw_rtc.o
 .debug_line    0x00004ce3       0xc5 ./src/fw/LED/fw_led.o
 .debug_line    0x00004da8       0xa5 ./src/fw/IRQ/fw_irq10.o
 .debug_line    0x00004e4d       0xa5 ./src/fw/IRQ/fw_irq15.o
 .debug_line    0x00004ef2       0xfd ./src/fw/IRQ/fw_irq8.o
 .debug_line    0x00004fef       0xa4 ./src/fw/IRQ/fw_irq9.o
 .debug_line    0x00005093      0x206 ./src/fw/IIC/fw_iic.o
 .debug_line    0x00005299       0x3b ./src/fw/GLCD/font_8x16.o
 .debug_line    0x000052d4       0x3a ./src/fw/GLCD/font_8x8.o
 .debug_line    0x0000530e       0x3d ./src/fw/GLCD/font_bitmap.o
 .debug_line    0x0000534b       0x3e ./src/fw/GLCD/font_helvr10.o
 .debug_line    0x00005389       0x49 ./src/fw/GLCD/font_winfreesystem14x16.o
 .debug_line    0x000053d2       0x3b ./src/fw/GLCD/font_x5x7.o
 .debug_line    0x0000540d       0x3c ./src/fw/GLCD/font_x6x13.o
 .debug_line    0x00005449      0x13b ./src/fw/GLCD/fw_glcd.o
 .debug_line    0x00005584       0xc7 ./src/fw/ETH/fw_eth.o
 .debug_line    0x0000564b       0xa3 ./src/fw/Clock/fw_clock.o
 .debug_line    0x000056ee       0xfb ./src/fw/CMT/cmt0.o
 .debug_line    0x000057e9       0xfd ./src/fw/AD/fw_ad.o

.debug_str      0x00000000     0xb9ab
 .debug_str     0x00000000     0x1dc2 ./src/sw/webserver/EMAC.o
                               0x1e24 (size before relaxing)
 .debug_str     0x00001dc2      0x352 ./src/sw/webserver/httpd-cgi.o
                                0x490 (size before relaxing)
 .debug_str     0x00002114       0xf6 ./src/sw/webserver/phy.o
                                0x303 (size before relaxing)
 .debug_str     0x0000220a      0x223 ./src/sw/task/BlockQ.o
                                0x316 (size before relaxing)
 .debug_str     0x0000242d      0x177 ./src/sw/task/GenQTest.o
                                0x270 (size before relaxing)
 .debug_str     0x000025a4       0xf2 ./src/sw/task/QPeek.o
                                0x214 (size before relaxing)
 .debug_str     0x00002696      0x138 ./src/sw/task/blocktim.o
                                0x238 (size before relaxing)
 .debug_str     0x000027ce       0x74 ./src/sw/task/flash.o
                                0x15e (size before relaxing)
 .debug_str     0x00002842       0x92 ./src/sw/task/integer.o
                                0x188 (size before relaxing)
 .debug_str     0x000028d4      0x182 ./src/sw/task/recmutex.o
                                0x29d (size before relaxing)
 .debug_str     0x00002a56      0x176 ./src/sw/task/uIP_Task.o
                                0x3f5 (size before relaxing)
 .debug_str     0x00002bcc       0x9b ./src/sw/task/IIC/sw_task_iic.o
                                0x193 (size before relaxing)
 .debug_str     0x00002c67      0x1ac ./src/sw/task/GLCD/sw_task_glcd.o
                                0x33e (size before relaxing)
 .debug_str     0x00002e13      0x17d ./src/sw/MemMang/heap_2.o
                                0x236 (size before relaxing)
 .debug_str     0x00002f90       0xe0 ./src/sw/FreeTCPIP/psock.o
                                0x309 (size before relaxing)
 .debug_str     0x00003070       0x67 ./src/sw/FreeTCPIP/timer.o
                                0x146 (size before relaxing)
 .debug_str     0x000030d7      0x2d1 ./src/sw/FreeTCPIP/uip.o
                                0x60e (size before relaxing)
 .debug_str     0x000033a8       0xfd ./src/sw/FreeTCPIP/uip_arp.o
                                0x2a8 (size before relaxing)
 .debug_str     0x000034a5      0x205 ./src/sw/FreeTCPIP/apps/httpd/http-strings.o
                                0x269 (size before relaxing)
 .debug_str     0x000036aa      0x19c ./src/sw/FreeTCPIP/apps/httpd/httpd-fs.o
                                0x273 (size before relaxing)
 .debug_str     0x00003846       0xd5 ./src/sw/FreeTCPIP/apps/httpd/httpd.o
                                0x438 (size before relaxing)
 .debug_str     0x0000391b      0x336 ./src/sw/FreeRTOS/croutine.o
                                0x415 (size before relaxing)
 .debug_str     0x00003c51       0xa3 ./src/sw/FreeRTOS/list.o
                                0x205 (size before relaxing)
 .debug_str     0x00003cf4      0x3c5 ./src/sw/FreeRTOS/queue.o
                                0x571 (size before relaxing)
 .debug_str     0x000040b9      0x860 ./src/sw/FreeRTOS/tasks.o
                                0xabb (size before relaxing)
 .debug_str     0x00004919      0x334 ./src/sw/FreeRTOS/timers.o
                                0x513 (size before relaxing)
 .debug_str     0x00004c4d      0x9aa ./src/sw/FreeRTOS/port/port.o
                               0x2016 (size before relaxing)
 .debug_str     0x000055f7       0xbd ./src/HighFrequencyTimerTest.o
                               0x19ec (size before relaxing)
 .debug_str     0x000056b4      0x15d ./src/main.o
                               0x1bb9 (size before relaxing)
 .debug_str     0x00005811       0x1e ./src/fw/fw_setup.o
                                 0xb5 (size before relaxing)
 .debug_str     0x0000582f       0x4a ./src/fw/hwsetup.o
                                 0xf9 (size before relaxing)
 .debug_str     0x00005879      0x9f8 ./src/fw/inthandler.o
                                0xa4e (size before relaxing)
 .debug_str     0x00006271       0x35 ./src/fw/vects.o
                                 0xee (size before relaxing)
 .debug_str     0x000062a6       0xa7 ./src/fw/TMR/fw_tmr0.o
                                0x505 (size before relaxing)
 .debug_str     0x0000634d       0x6b ./src/fw/TMR/fw_tmr1.o
                                0x500 (size before relaxing)
 .debug_str     0x000063b8       0x63 ./src/fw/TMR/fw_tmr2.o
                                0x505 (size before relaxing)
 .debug_str     0x0000641b       0x63 ./src/fw/TMR/fw_tmr3.o
                                0x500 (size before relaxing)
 .debug_str     0x0000647e       0x39 ./src/fw/SWINT/fw_swint.o
                               0x1f5d (size before relaxing)
 .debug_str     0x000064b7       0x29 ./src/fw/SW/fw_sw.o
                                 0xec (size before relaxing)
 .debug_str     0x000064e0      0x494 ./src/fw/SPI/fw_spi.o
                                0x846 (size before relaxing)
 .debug_str     0x00006974       0xaa ./src/fw/SCI/fw_sci2.o
                               0x1a50 (size before relaxing)
 .debug_str     0x00006a1e       0x37 ./src/fw/RTC/fw_rtc.o
                                0x2e8 (size before relaxing)
 .debug_str     0x00006a55       0x23 ./src/fw/LED/fw_led.o
                                 0xf8 (size before relaxing)
 .debug_str     0x00006a78       0x37 ./src/fw/IRQ/fw_irq10.o
                                0x1d9 (size before relaxing)
 .debug_str     0x00006aaf       0x37 ./src/fw/IRQ/fw_irq15.o
                                0x4b2 (size before relaxing)
 .debug_str     0x00006ae6       0x34 ./src/fw/IRQ/fw_irq8.o
                                0x24a (size before relaxing)
 .debug_str     0x00006b1a       0x34 ./src/fw/IRQ/fw_irq9.o
                                0x1d6 (size before relaxing)
 .debug_str     0x00006b4e      0x23f ./src/fw/IIC/fw_iic.o
                                0x60c (size before relaxing)
 .debug_str     0x00006d8d     0x11bc ./src/fw/GLCD/font_8x16.o
                               0x1229 (size before relaxing)
 .debug_str     0x00007f49     0x10ba ./src/fw/GLCD/font_8x8.o
                               0x1127 (size before relaxing)
 .debug_str     0x00009003      0x1ba ./src/fw/GLCD/font_bitmap.o
                                0x227 (size before relaxing)
 .debug_str     0x000091bd      0x7b7 ./src/fw/GLCD/font_helvr10.o
                                0x824 (size before relaxing)
 .debug_str     0x00009974      0xbe2 ./src/fw/GLCD/font_winfreesystem14x16.o
                                0xc4f (size before relaxing)
 .debug_str     0x0000a556      0x8aa ./src/fw/GLCD/font_x5x7.o
                                0x917 (size before relaxing)
 .debug_str     0x0000ae00      0x92b ./src/fw/GLCD/font_x6x13.o
                                0x998 (size before relaxing)
 .debug_str     0x0000b72b       0xfd ./src/fw/GLCD/fw_glcd.o
                                0x1f2 (size before relaxing)
 .debug_str     0x0000b828       0x75 ./src/fw/ETH/fw_eth.o
                               0x116d (size before relaxing)
 .debug_str     0x0000b89d       0x29 ./src/fw/Clock/fw_clock.o
                                0x3bf (size before relaxing)
 .debug_str     0x0000b8c6       0x31 ./src/fw/CMT/cmt0.o
                               0x2266 (size before relaxing)
 .debug_str     0x0000b8f7       0xb4 ./src/fw/AD/fw_ad.o
                                0x594 (size before relaxing)

.comment        0x00000000       0x1c
 .comment       0x00000000       0x1c ./src/sw/webserver/EMAC.o
                                 0x1d (size before relaxing)
 .comment       0x00000000       0x1d ./src/sw/webserver/httpd-cgi.o
 .comment       0x00000000       0x1d ./src/sw/webserver/phy.o
 .comment       0x00000000       0x1d ./src/sw/task/BlockQ.o
 .comment       0x00000000       0x1d ./src/sw/task/GenQTest.o
 .comment       0x00000000       0x1d ./src/sw/task/QPeek.o
 .comment       0x00000000       0x1d ./src/sw/task/blocktim.o
 .comment       0x00000000       0x1d ./src/sw/task/flash.o
 .comment       0x00000000       0x1d ./src/sw/task/integer.o
 .comment       0x00000000       0x1d ./src/sw/task/recmutex.o
 .comment       0x00000000       0x1d ./src/sw/task/uIP_Task.o
 .comment       0x00000000       0x1d ./src/sw/task/IIC/sw_task_iic.o
 .comment       0x00000000       0x1d ./src/sw/task/GLCD/sw_task_glcd.o
 .comment       0x00000000       0x1d ./src/sw/MemMang/heap_2.o
 .comment       0x00000000       0x1d ./src/sw/FreeTCPIP/psock.o
 .comment       0x00000000       0x1d ./src/sw/FreeTCPIP/timer.o
 .comment       0x00000000       0x1d ./src/sw/FreeTCPIP/uip.o
 .comment       0x00000000       0x1d ./src/sw/FreeTCPIP/uip_arp.o
 .comment       0x00000000       0x1d ./src/sw/FreeTCPIP/apps/httpd/http-strings.o
 .comment       0x00000000       0x1d ./src/sw/FreeTCPIP/apps/httpd/httpd-fs.o
 .comment       0x00000000       0x1d ./src/sw/FreeTCPIP/apps/httpd/httpd.o
 .comment       0x00000000       0x1d ./src/sw/FreeRTOS/croutine.o
 .comment       0x00000000       0x1d ./src/sw/FreeRTOS/list.o
 .comment       0x00000000       0x1d ./src/sw/FreeRTOS/queue.o
 .comment       0x00000000       0x1d ./src/sw/FreeRTOS/tasks.o
 .comment       0x00000000       0x1d ./src/sw/FreeRTOS/timers.o
 .comment       0x00000000       0x1d ./src/sw/FreeRTOS/port/port.o
 .comment       0x00000000       0x1d ./src/HighFrequencyTimerTest.o
 .comment       0x00000000       0x1d ./src/main.o
 .comment       0x00000000       0x1d ./src/fw/fw_setup.o
 .comment       0x00000000       0x1d ./src/fw/hwsetup.o
 .comment       0x00000000       0x1d ./src/fw/inthandler.o
 .comment       0x00000000       0x1d ./src/fw/vects.o
 .comment       0x00000000       0x1d ./src/fw/TMR/fw_tmr0.o
 .comment       0x00000000       0x1d ./src/fw/TMR/fw_tmr1.o
 .comment       0x00000000       0x1d ./src/fw/TMR/fw_tmr2.o
 .comment       0x00000000       0x1d ./src/fw/TMR/fw_tmr3.o
 .comment       0x00000000       0x1d ./src/fw/SWINT/fw_swint.o
 .comment       0x00000000       0x1d ./src/fw/SW/fw_sw.o
 .comment       0x00000000       0x1d ./src/fw/SPI/fw_spi.o
 .comment       0x00000000       0x1d ./src/fw/SCI/fw_sci2.o
 .comment       0x00000000       0x1d ./src/fw/RTC/fw_rtc.o
 .comment       0x00000000       0x1d ./src/fw/LED/fw_led.o
 .comment       0x00000000       0x1d ./src/fw/IRQ/fw_irq10.o
 .comment       0x00000000       0x1d ./src/fw/IRQ/fw_irq15.o
 .comment       0x00000000       0x1d ./src/fw/IRQ/fw_irq8.o
 .comment       0x00000000       0x1d ./src/fw/IRQ/fw_irq9.o
 .comment       0x00000000       0x1d ./src/fw/IIC/fw_iic.o
 .comment       0x00000000       0x1d ./src/fw/GLCD/font_8x16.o
 .comment       0x00000000       0x1d ./src/fw/GLCD/font_8x8.o
 .comment       0x00000000       0x1d ./src/fw/GLCD/font_bitmap.o
 .comment       0x00000000       0x1d ./src/fw/GLCD/font_helvr10.o
 .comment       0x00000000       0x1d ./src/fw/GLCD/font_winfreesystem14x16.o
 .comment       0x00000000       0x1d ./src/fw/GLCD/font_x5x7.o
 .comment       0x00000000       0x1d ./src/fw/GLCD/font_x6x13.o
 .comment       0x00000000       0x1d ./src/fw/GLCD/fw_glcd.o
 .comment       0x00000000       0x1d ./src/fw/ETH/fw_eth.o
 .comment       0x00000000       0x1d ./src/fw/Clock/fw_clock.o
 .comment       0x00000000       0x1d ./src/fw/CMT/cmt0.o
 .comment       0x00000000       0x1d ./src/fw/AD/fw_ad.o
 .comment       0x00000000       0x1d libRenesasRX62N.a(memcmp.o)
 .comment       0x00000000       0x1d libRenesasRX62N.a(memcpy.o)
 .comment       0x00000000       0x1d libRenesasRX62N.a(memset.o)
 .comment       0x00000000       0x1d libRenesasRX62N.a(sprintf.o)
 .comment       0x00000000       0x1d libRenesasRX62N.a(strchr.o)
 .comment       0x00000000       0x1d libRenesasRX62N.a(strcpy.o)
 .comment       0x00000000       0x1d libRenesasRX62N.a(strlen.o)
 .comment       0x00000000       0x1d libRenesasRX62N.a(strncmp.o)
 .comment       0x00000000       0x1d libRenesasRX62N.a(strncpy.o)
 .comment       0x00000000       0x1d libRenesasRX62N.a(strrchr.o)
 .comment       0x00000000       0x1d libRenesasRX62N.a(strstr.o)
 .comment       0x00000000       0x1d libRenesasRX62N.a(frmwri.o)
